Command line invocation:
    /Applications/Xcode.app/Contents/Developer/usr/bin/xcodebuild -scheme MDWriter -configuration Debug build

2026-01-19 20:21:59.334 xcodebuild[85762:5569891]  IDEDownloadableMetalToolchainCoordinator: Failed to remount the Metal Toolchain: The file “com.apple.MobileAsset.MetalToolchain-v17.3.48.0.R1zjES” couldn’t be opened because you don’t have permission to view it.
Resolve Package Graph


Resolved source packages:
  WhatsNewKit: https://github.com/SvenTiigi/WhatsNewKit @ 2.2.1
  SwiftLocalizedStrings: https://github.com/liamnichols/swift-localized-strings @ 1.0.0
  Yams: https://github.com/jpsim/Yams @ 5.4.0
  XCStringsTool: https://github.com/liamnichols/xcstrings-tool @ 1.2.0
  Highlightr: https://github.com/raspu/Highlightr @ 2.3.0
  Sparkle: https://github.com/sparkle-project/Sparkle @ 2.8.1
  swift-markdown: https://github.com/swiftlang/swift-markdown @ 0.7.3
  cmark-gfm: https://github.com/swiftlang/swift-cmark @ 0.7.1
  swift-argument-parser: https://github.com/apple/swift-argument-parser @ 1.7.0
  swift-syntax: https://github.com/swiftlang/swift-syntax @ 601.0.1

--- xcodebuild: WARNING: Using the first of multiple matching destinations:
{ platform:macOS, arch:arm64, id:00008103-000410C60AA0801E, name:My Mac }
{ platform:macOS, arch:x86_64, id:00008103-000410C60AA0801E, name:My Mac }
{ platform:iOS, id:dvtdevice-DVTiPhonePlaceholder-iphoneos:placeholder, name:Any iOS Device }
{ platform:iOS Simulator, id:dvtdevice-DVTiOSDeviceSimulatorPlaceholder-iphonesimulator:placeholder, name:Any iOS Simulator Device }
{ platform:macOS, name:Any Mac }
{ platform:iOS Simulator, arch:arm64, id:73E6AD1E-BEF5-4684-99E9-27796E2CB00F, OS:26.2, name:iPad (A16) }
{ platform:iOS Simulator, arch:arm64, id:3C8C2950-0ED7-4DD8-B772-D3306A0B53FE, OS:26.2, name:iPad Air 11-inch (M3) }
{ platform:iOS Simulator, arch:arm64, id:77AB98DD-6B26-455A-A2E9-E469CC3E6FF6, OS:26.2, name:iPad Air 13-inch (M3) }
{ platform:iOS Simulator, arch:arm64, id:34EF12C6-2C47-4034-96B6-DE7C0364D5C6, OS:26.2, name:iPad Pro 11-inch (M5) }
{ platform:iOS Simulator, arch:arm64, id:5D84D22C-C70C-48D7-9929-B01776C712C0, OS:26.2, name:iPad Pro 13-inch (M5) }
{ platform:iOS Simulator, arch:arm64, id:01FC7795-58DD-46CC-A096-F88330A203FD, OS:26.2, name:iPad mini (A17 Pro) }
{ platform:iOS Simulator, arch:arm64, id:C15F8FFB-58D3-4FA9-86DC-8B55AED9F90D, OS:26.2, name:iPhone 16e }
{ platform:iOS Simulator, arch:arm64, id:A0BAE676-36CB-4138-8F55-588BC32E788A, OS:26.2, name:iPhone 17 }
{ platform:iOS Simulator, arch:arm64, id:3A3A7136-D0BF-48DF-ACF5-F60267433CDF, OS:26.2, name:iPhone 17 Pro }
{ platform:iOS Simulator, arch:arm64, id:B5DD67B3-12C8-4C88-840B-B686E18AE8E1, OS:26.2, name:iPhone 17 Pro Max }
{ platform:iOS Simulator, arch:arm64, id:B67D8224-A252-4F37-9E47-721D5E6B1909, OS:26.2, name:iPhone Air }
{ platform:iOS, arch:arm64, id:00008110-0012606211E0401E, name:楝 }
ComputePackagePrebuildTargetDependencyGraph

Prepare packages

CreateBuildRequest

SendProjectDescription

CreateBuildOperation

ComputeTargetDependencyGraph
note: Building targets in dependency order
note: Target dependency graph (50 targets)
    Target 'MDWriter' in project 'MDWriter'
        ➜ Explicit dependency on target 'xcstrings-tool' in project 'XCStringsTool'
        ➜ Explicit dependency on target 'WhatsNewKit' in project 'WhatsNewKit'
        ➜ Explicit dependency on target 'Sparkle' in project 'Sparkle'
        ➜ Explicit dependency on target 'Highlightr' in project 'Highlightr'
        ➜ Explicit dependency on target 'Markdown' in project 'swift-markdown'
    Target 'Markdown' in project 'swift-markdown'
        ➜ Explicit dependency on target 'Markdown' in project 'swift-markdown'
        ➜ Explicit dependency on target 'CAtomic' in project 'swift-markdown'
        ➜ Explicit dependency on target 'cmark-gfm' in project 'cmark-gfm'
        ➜ Explicit dependency on target 'cmark-gfm-extensions' in project 'cmark-gfm'
    Target 'Markdown' in project 'swift-markdown'
        ➜ Explicit dependency on target 'CAtomic' in project 'swift-markdown'
        ➜ Explicit dependency on target 'cmark-gfm' in project 'cmark-gfm'
        ➜ Explicit dependency on target 'cmark-gfm-extensions' in project 'cmark-gfm'
    Target 'cmark-gfm-extensions' in project 'cmark-gfm'
        ➜ Explicit dependency on target 'cmark-gfm-extensions' in project 'cmark-gfm'
        ➜ Explicit dependency on target 'cmark-gfm' in project 'cmark-gfm'
    Target 'cmark-gfm-extensions' in project 'cmark-gfm'
        ➜ Explicit dependency on target 'cmark-gfm' in project 'cmark-gfm'
    Target 'cmark-gfm' in project 'cmark-gfm'
        ➜ Explicit dependency on target 'cmark-gfm' in project 'cmark-gfm'
    Target 'cmark-gfm' in project 'cmark-gfm' (no dependencies)
    Target 'CAtomic' in project 'swift-markdown' (no dependencies)
    Target 'Highlightr' in project 'Highlightr'
        ➜ Explicit dependency on target 'Highlightr' in project 'Highlightr'
        ➜ Explicit dependency on target 'Highlightr_Highlightr' in project 'Highlightr'
    Target 'Highlightr' in project 'Highlightr'
        ➜ Explicit dependency on target 'Highlightr_Highlightr' in project 'Highlightr'
    Target 'Highlightr_Highlightr' in project 'Highlightr' (no dependencies)
    Target 'Sparkle' in project 'Sparkle' (no dependencies)
    Target 'WhatsNewKit' in project 'WhatsNewKit'
        ➜ Explicit dependency on target 'WhatsNewKit' in project 'WhatsNewKit'
        ➜ Explicit dependency on target 'WhatsNewKit_WhatsNewKit' in project 'WhatsNewKit'
    Target 'WhatsNewKit' in project 'WhatsNewKit'
        ➜ Explicit dependency on target 'WhatsNewKit_WhatsNewKit' in project 'WhatsNewKit'
    Target 'WhatsNewKit_WhatsNewKit' in project 'WhatsNewKit' (no dependencies)
    Target 'xcstrings-tool' in project 'XCStringsTool'
        ➜ Explicit dependency on target 'XCStringsToolConstants' in project 'XCStringsTool'
        ➜ Explicit dependency on target 'StringGenerator' in project 'XCStringsTool'
        ➜ Explicit dependency on target 'StringExtractor' in project 'SwiftLocalizedStrings'
        ➜ Explicit dependency on target 'SwiftIdentifier' in project 'SwiftLocalizedStrings'
        ➜ Explicit dependency on target 'SwiftBasicFormat' in project 'swift-syntax'
        ➜ Explicit dependency on target 'SwiftSyntax' in project 'swift-syntax'
        ➜ Explicit dependency on target 'SwiftSyntaxBuilder' in project 'swift-syntax'
        ➜ Explicit dependency on target 'ArgumentParser' in project 'swift-argument-parser'
        ➜ Explicit dependency on target 'Yams' in project 'Yams'
        ➜ Explicit dependency on target 'StringCatalog' in project 'SwiftLocalizedStrings'
        ➜ Explicit dependency on target 'StringResource' in project 'SwiftLocalizedStrings'
        ➜ Explicit dependency on target 'StringSource' in project 'SwiftLocalizedStrings'
        ➜ Explicit dependency on target 'StringValidator' in project 'SwiftLocalizedStrings'
    Target 'StringValidator' in project 'SwiftLocalizedStrings'
        ➜ Explicit dependency on target 'StringValidator' in project 'SwiftLocalizedStrings'
        ➜ Explicit dependency on target 'StringResource' in project 'SwiftLocalizedStrings'
    Target 'StringValidator' in project 'SwiftLocalizedStrings'
        ➜ Explicit dependency on target 'StringResource' in project 'SwiftLocalizedStrings'
    Target 'StringSource' in project 'SwiftLocalizedStrings'
        ➜ Explicit dependency on target 'StringSource' in project 'SwiftLocalizedStrings'
        ➜ Explicit dependency on target 'StringCatalog' in project 'SwiftLocalizedStrings'
    Target 'StringResource' in project 'SwiftLocalizedStrings'
        ➜ Explicit dependency on target 'StringResource' in project 'SwiftLocalizedStrings'
    Target 'StringCatalog' in project 'SwiftLocalizedStrings'
        ➜ Explicit dependency on target 'StringCatalog' in project 'SwiftLocalizedStrings'
    Target 'Yams' in project 'Yams'
        ➜ Explicit dependency on target 'Yams' in project 'Yams'
        ➜ Explicit dependency on target 'CYaml' in project 'Yams'
    Target 'Yams' in project 'Yams'
        ➜ Explicit dependency on target 'CYaml' in project 'Yams'
    Target 'CYaml' in project 'Yams' (no dependencies)
    Target 'ArgumentParser' in project 'swift-argument-parser'
        ➜ Explicit dependency on target 'ArgumentParser' in project 'swift-argument-parser'
        ➜ Explicit dependency on target 'ArgumentParserToolInfo' in project 'swift-argument-parser'
    Target 'ArgumentParser' in project 'swift-argument-parser'
        ➜ Explicit dependency on target 'ArgumentParserToolInfo' in project 'swift-argument-parser'
    Target 'ArgumentParserToolInfo' in project 'swift-argument-parser' (no dependencies)
    Target 'StringGenerator' in project 'XCStringsTool'
        ➜ Explicit dependency on target 'XCStringsToolConstants' in project 'XCStringsTool'
        ➜ Explicit dependency on target 'StringExtractor' in project 'SwiftLocalizedStrings'
        ➜ Explicit dependency on target 'SwiftIdentifier' in project 'SwiftLocalizedStrings'
        ➜ Explicit dependency on target 'SwiftBasicFormat' in project 'swift-syntax'
        ➜ Explicit dependency on target 'SwiftSyntax' in project 'swift-syntax'
        ➜ Explicit dependency on target 'SwiftSyntaxBuilder' in project 'swift-syntax'
    Target 'SwiftSyntaxBuilder' in project 'swift-syntax'
        ➜ Explicit dependency on target 'SwiftSyntaxBuilder' in project 'swift-syntax'
        ➜ Explicit dependency on target '_SwiftSyntaxCShims' in project 'swift-syntax'
        ➜ Explicit dependency on target 'SwiftSyntax509' in project 'swift-syntax'
        ➜ Explicit dependency on target 'SwiftSyntax510' in project 'swift-syntax'
        ➜ Explicit dependency on target 'SwiftSyntax600' in project 'swift-syntax'
        ➜ Explicit dependency on target 'SwiftSyntax601' in project 'swift-syntax'
        ➜ Explicit dependency on target 'SwiftSyntax' in project 'swift-syntax'
        ➜ Explicit dependency on target 'SwiftBasicFormat' in project 'swift-syntax'
        ➜ Explicit dependency on target 'SwiftParser' in project 'swift-syntax'
        ➜ Explicit dependency on target 'SwiftDiagnostics' in project 'swift-syntax'
        ➜ Explicit dependency on target 'SwiftParserDiagnostics' in project 'swift-syntax'
    Target 'SwiftSyntaxBuilder' in project 'swift-syntax'
        ➜ Explicit dependency on target '_SwiftSyntaxCShims' in project 'swift-syntax'
        ➜ Explicit dependency on target 'SwiftSyntax509' in project 'swift-syntax'
        ➜ Explicit dependency on target 'SwiftSyntax510' in project 'swift-syntax'
        ➜ Explicit dependency on target 'SwiftSyntax600' in project 'swift-syntax'
        ➜ Explicit dependency on target 'SwiftSyntax601' in project 'swift-syntax'
        ➜ Explicit dependency on target 'SwiftSyntax' in project 'swift-syntax'
        ➜ Explicit dependency on target 'SwiftBasicFormat' in project 'swift-syntax'
        ➜ Explicit dependency on target 'SwiftParser' in project 'swift-syntax'
        ➜ Explicit dependency on target 'SwiftDiagnostics' in project 'swift-syntax'
        ➜ Explicit dependency on target 'SwiftParserDiagnostics' in project 'swift-syntax'
    Target 'SwiftParserDiagnostics' in project 'swift-syntax'
        ➜ Explicit dependency on target '_SwiftSyntaxCShims' in project 'swift-syntax'
        ➜ Explicit dependency on target 'SwiftSyntax509' in project 'swift-syntax'
        ➜ Explicit dependency on target 'SwiftSyntax510' in project 'swift-syntax'
        ➜ Explicit dependency on target 'SwiftSyntax600' in project 'swift-syntax'
        ➜ Explicit dependency on target 'SwiftSyntax601' in project 'swift-syntax'
        ➜ Explicit dependency on target 'SwiftSyntax' in project 'swift-syntax'
        ➜ Explicit dependency on target 'SwiftBasicFormat' in project 'swift-syntax'
        ➜ Explicit dependency on target 'SwiftDiagnostics' in project 'swift-syntax'
        ➜ Explicit dependency on target 'SwiftParser' in project 'swift-syntax'
    Target 'SwiftDiagnostics' in project 'swift-syntax'
        ➜ Explicit dependency on target '_SwiftSyntaxCShims' in project 'swift-syntax'
        ➜ Explicit dependency on target 'SwiftSyntax509' in project 'swift-syntax'
        ➜ Explicit dependency on target 'SwiftSyntax510' in project 'swift-syntax'
        ➜ Explicit dependency on target 'SwiftSyntax600' in project 'swift-syntax'
        ➜ Explicit dependency on target 'SwiftSyntax601' in project 'swift-syntax'
        ➜ Explicit dependency on target 'SwiftSyntax' in project 'swift-syntax'
    Target 'SwiftParser' in project 'swift-syntax'
        ➜ Explicit dependency on target '_SwiftSyntaxCShims' in project 'swift-syntax'
        ➜ Explicit dependency on target 'SwiftSyntax509' in project 'swift-syntax'
        ➜ Explicit dependency on target 'SwiftSyntax510' in project 'swift-syntax'
        ➜ Explicit dependency on target 'SwiftSyntax600' in project 'swift-syntax'
        ➜ Explicit dependency on target 'SwiftSyntax601' in project 'swift-syntax'
        ➜ Explicit dependency on target 'SwiftSyntax' in project 'swift-syntax'
    Target 'SwiftSyntax' in project 'swift-syntax'
        ➜ Explicit dependency on target 'SwiftSyntax' in project 'swift-syntax'
        ➜ Explicit dependency on target '_SwiftSyntaxCShims' in project 'swift-syntax'
        ➜ Explicit dependency on target 'SwiftSyntax509' in project 'swift-syntax'
        ➜ Explicit dependency on target 'SwiftSyntax510' in project 'swift-syntax'
        ➜ Explicit dependency on target 'SwiftSyntax600' in project 'swift-syntax'
        ➜ Explicit dependency on target 'SwiftSyntax601' in project 'swift-syntax'
    Target 'SwiftBasicFormat' in project 'swift-syntax'
        ➜ Explicit dependency on target 'SwiftBasicFormat' in project 'swift-syntax'
        ➜ Explicit dependency on target '_SwiftSyntaxCShims' in project 'swift-syntax'
        ➜ Explicit dependency on target 'SwiftSyntax509' in project 'swift-syntax'
        ➜ Explicit dependency on target 'SwiftSyntax510' in project 'swift-syntax'
        ➜ Explicit dependency on target 'SwiftSyntax600' in project 'swift-syntax'
        ➜ Explicit dependency on target 'SwiftSyntax601' in project 'swift-syntax'
        ➜ Explicit dependency on target 'SwiftSyntax' in project 'swift-syntax'
    Target 'SwiftBasicFormat' in project 'swift-syntax'
        ➜ Explicit dependency on target '_SwiftSyntaxCShims' in project 'swift-syntax'
        ➜ Explicit dependency on target 'SwiftSyntax509' in project 'swift-syntax'
        ➜ Explicit dependency on target 'SwiftSyntax510' in project 'swift-syntax'
        ➜ Explicit dependency on target 'SwiftSyntax600' in project 'swift-syntax'
        ➜ Explicit dependency on target 'SwiftSyntax601' in project 'swift-syntax'
        ➜ Explicit dependency on target 'SwiftSyntax' in project 'swift-syntax'
    Target 'SwiftSyntax' in project 'swift-syntax'
        ➜ Explicit dependency on target '_SwiftSyntaxCShims' in project 'swift-syntax'
        ➜ Explicit dependency on target 'SwiftSyntax509' in project 'swift-syntax'
        ➜ Explicit dependency on target 'SwiftSyntax510' in project 'swift-syntax'
        ➜ Explicit dependency on target 'SwiftSyntax600' in project 'swift-syntax'
        ➜ Explicit dependency on target 'SwiftSyntax601' in project 'swift-syntax'
    Target 'SwiftSyntax601' in project 'swift-syntax' (no dependencies)
    Target 'SwiftSyntax600' in project 'swift-syntax' (no dependencies)
    Target 'SwiftSyntax510' in project 'swift-syntax' (no dependencies)
    Target 'SwiftSyntax509' in project 'swift-syntax' (no dependencies)
    Target '_SwiftSyntaxCShims' in project 'swift-syntax' (no dependencies)
    Target 'SwiftIdentifier' in project 'SwiftLocalizedStrings'
        ➜ Explicit dependency on target 'SwiftIdentifier' in project 'SwiftLocalizedStrings'
    Target 'StringExtractor' in project 'SwiftLocalizedStrings'
        ➜ Explicit dependency on target 'StringExtractor' in project 'SwiftLocalizedStrings'
        ➜ Explicit dependency on target 'StringCatalog' in project 'SwiftLocalizedStrings'
        ➜ Explicit dependency on target 'StringResource' in project 'SwiftLocalizedStrings'
        ➜ Explicit dependency on target 'StringSource' in project 'SwiftLocalizedStrings'
        ➜ Explicit dependency on target 'SwiftIdentifier' in project 'SwiftLocalizedStrings'
    Target 'StringExtractor' in project 'SwiftLocalizedStrings'
        ➜ Explicit dependency on target 'StringCatalog' in project 'SwiftLocalizedStrings'
        ➜ Explicit dependency on target 'StringResource' in project 'SwiftLocalizedStrings'
        ➜ Explicit dependency on target 'StringSource' in project 'SwiftLocalizedStrings'
        ➜ Explicit dependency on target 'SwiftIdentifier' in project 'SwiftLocalizedStrings'
    Target 'SwiftIdentifier' in project 'SwiftLocalizedStrings' (no dependencies)
    Target 'StringSource' in project 'SwiftLocalizedStrings'
        ➜ Explicit dependency on target 'StringCatalog' in project 'SwiftLocalizedStrings'
    Target 'StringResource' in project 'SwiftLocalizedStrings' (no dependencies)
    Target 'StringCatalog' in project 'SwiftLocalizedStrings' (no dependencies)
    Target 'XCStringsToolConstants' in project 'XCStringsTool' (no dependencies)

GatherProvisioningInputs

CreateBuildDescription

ExecuteExternalTool /Applications/Xcode.app/Contents/Developer/Toolchains/XcodeDefault.xctoolchain/usr/bin/swiftc --version

ExecuteExternalTool /Applications/Xcode.app/Contents/Developer/Toolchains/XcodeDefault.xctoolchain/usr/bin/clang -v -E -dM -arch arm64 -isysroot /Applications/Xcode.app/Contents/Developer/Platforms/MacOSX.platform/Developer/SDKs/MacOSX26.2.sdk -x c -c /dev/null

ExecuteExternalTool /Applications/Xcode.app/Contents/Developer/Toolchains/XcodeDefault.xctoolchain/usr/bin/clang -v -E -dM -isysroot /Applications/Xcode.app/Contents/Developer/Platforms/MacOSX.platform/Developer/SDKs/MacOSX26.2.sdk -x c -c /dev/null

ExecuteExternalTool /Applications/Xcode.app/Contents/Developer/usr/bin/actool --version --output-format xml1

ExecuteExternalTool /Applications/Xcode.app/Contents/Developer/usr/bin/xcstringstool compile --dry-run --output-directory /Users/steve/Library/Developer/Xcode/DerivedData/MDWriter-eobkziwyonlhqbgzjjspbemizesy/Build/Intermediates.noindex/MDWriter.build/Debug/MDWriter.build /Users/steve/Documents/GitHub/MDWriter/MDWriter/Resources/Localizable.xcstrings

ExecuteExternalTool /Applications/Xcode.app/Contents/Developer/Toolchains/XcodeDefault.xctoolchain/usr/bin/ld -version_details

ReadFileContents /Applications/Xcode.app/Contents/Developer/Toolchains/XcodeDefault.xctoolchain/usr/share/docc/features.json

Build description signature: 59a779141e0eeb2f206b031178e7960e
Build description path: /Users/steve/Library/Developer/Xcode/DerivedData/MDWriter-eobkziwyonlhqbgzjjspbemizesy/Build/Intermediates.noindex/XCBuildData/59a779141e0eeb2f206b031178e7960e.xcbuilddata
ClangStatCache /Applications/Xcode.app/Contents/Developer/Toolchains/XcodeDefault.xctoolchain/usr/bin/clang-stat-cache /Applications/Xcode.app/Contents/Developer/Platforms/MacOSX.platform/Developer/SDKs/MacOSX26.2.sdk /Users/steve/Library/Developer/Xcode/DerivedData/SDKStatCaches.noindex/macosx26.2-25C57-00fa09913b459cbbc988d1f6730289ae.sdkstatcache
    cd /Users/steve/Documents/GitHub/MDWriter/MDWriter.xcodeproj
    /Applications/Xcode.app/Contents/Developer/Toolchains/XcodeDefault.xctoolchain/usr/bin/clang-stat-cache /Applications/Xcode.app/Contents/Developer/Platforms/MacOSX.platform/Developer/SDKs/MacOSX26.2.sdk -o /Users/steve/Library/Developer/Xcode/DerivedData/SDKStatCaches.noindex/macosx26.2-25C57-00fa09913b459cbbc988d1f6730289ae.sdkstatcache

ProcessInfoPlistFile /Users/steve/Library/Developer/Xcode/DerivedData/MDWriter-eobkziwyonlhqbgzjjspbemizesy/Build/Products/Debug/Highlightr_Highlightr.bundle/Contents/Info.plist /Users/steve/Library/Developer/Xcode/DerivedData/MDWriter-eobkziwyonlhqbgzjjspbemizesy/Build/Intermediates.noindex/Highlightr.build/Debug/Highlightr_Highlightr.build/empty-Highlightr_Highlightr.plist (in target 'Highlightr_Highlightr' from project 'Highlightr')
    cd /Users/steve/Library/Developer/Xcode/DerivedData/MDWriter-eobkziwyonlhqbgzjjspbemizesy/SourcePackages/checkouts/Highlightr
    builtin-infoPlistUtility /Users/steve/Library/Developer/Xcode/DerivedData/MDWriter-eobkziwyonlhqbgzjjspbemizesy/Build/Intermediates.noindex/Highlightr.build/Debug/Highlightr_Highlightr.build/empty-Highlightr_Highlightr.plist -producttype com.apple.product-type.bundle -expandbuildsettings -platform macosx -o /Users/steve/Library/Developer/Xcode/DerivedData/MDWriter-eobkziwyonlhqbgzjjspbemizesy/Build/Products/Debug/Highlightr_Highlightr.bundle/Contents/Info.plist

ProcessInfoPlistFile /Users/steve/Library/Developer/Xcode/DerivedData/MDWriter-eobkziwyonlhqbgzjjspbemizesy/Build/Products/Debug/WhatsNewKit_WhatsNewKit.bundle/Contents/Info.plist /Users/steve/Library/Developer/Xcode/DerivedData/MDWriter-eobkziwyonlhqbgzjjspbemizesy/Build/Intermediates.noindex/WhatsNewKit.build/Debug/WhatsNewKit_WhatsNewKit.build/empty-WhatsNewKit_WhatsNewKit.plist (in target 'WhatsNewKit_WhatsNewKit' from project 'WhatsNewKit')
    cd /Users/steve/Library/Developer/Xcode/DerivedData/MDWriter-eobkziwyonlhqbgzjjspbemizesy/SourcePackages/checkouts/WhatsNewKit
    builtin-infoPlistUtility /Users/steve/Library/Developer/Xcode/DerivedData/MDWriter-eobkziwyonlhqbgzjjspbemizesy/Build/Intermediates.noindex/WhatsNewKit.build/Debug/WhatsNewKit_WhatsNewKit.build/empty-WhatsNewKit_WhatsNewKit.plist -producttype com.apple.product-type.bundle -expandbuildsettings -platform macosx -o /Users/steve/Library/Developer/Xcode/DerivedData/MDWriter-eobkziwyonlhqbgzjjspbemizesy/Build/Products/Debug/WhatsNewKit_WhatsNewKit.bundle/Contents/Info.plist

SwiftDriver SwiftSyntax normal arm64 com.apple.xcode.tools.swift.compiler (in target 'SwiftSyntax' from project 'swift-syntax')
    cd /Users/steve/Documents/GitHub/MDWriter/MDWriter.xcodeproj
    builtin-SwiftDriver -- /Applications/Xcode.app/Contents/Developer/Toolchains/XcodeDefault.xctoolchain/usr/bin/swiftc -module-name SwiftSyntax -Onone -enforce-exclusivity\=checked @/Users/steve/Library/Developer/Xcode/DerivedData/MDWriter-eobkziwyonlhqbgzjjspbemizesy/Build/Intermediates.noindex/swift-syntax.build/Debug/SwiftSyntax.build/Objects-normal/arm64/SwiftSyntax.SwiftFileList -DSWIFT_PACKAGE -DDEBUG -DSWIFT_MODULE_RESOURCE_BUNDLE_UNAVAILABLE -DXcode -plugin-path /Applications/Xcode.app/Contents/Developer/Toolchains/XcodeDefault.xctoolchain/usr/lib/swift/host/plugins/testing -enable-experimental-feature DebugDescriptionMacro -sdk /Applications/Xcode.app/Contents/Developer/Platforms/MacOSX.platform/Developer/SDKs/MacOSX26.2.sdk -target arm64-apple-macos10.15 -g -module-cache-path /Users/steve/Library/Developer/Xcode/DerivedData/ModuleCache.noindex -Xfrontend -serialize-debugging-options -profile-coverage-mapping -profile-generate -enable-testing -suppress-warnings -index-store-path /Users/steve/Library/Developer/Xcode/DerivedData/MDWriter-eobkziwyonlhqbgzjjspbemizesy/Index.noindex/DataStore -Xcc -D_LIBCPP_HARDENING_MODE\=_LIBCPP_HARDENING_MODE_DEBUG -swift-version 6 -I /Users/steve/Library/Developer/Xcode/DerivedData/MDWriter-eobkziwyonlhqbgzjjspbemizesy/Build/Products/Debug -Isystem /Applications/Xcode.app/Contents/Developer/Platforms/MacOSX.platform/Developer/usr/lib -F /Users/steve/Library/Developer/Xcode/DerivedData/MDWriter-eobkziwyonlhqbgzjjspbemizesy/Build/Products/Debug/PackageFrameworks -F /Users/steve/Library/Developer/Xcode/DerivedData/MDWriter-eobkziwyonlhqbgzjjspbemizesy/Build/Products/Debug/PackageFrameworks -F /Users/steve/Library/Developer/Xcode/DerivedData/MDWriter-eobkziwyonlhqbgzjjspbemizesy/Build/Products/Debug/PackageFrameworks -F /Users/steve/Library/Developer/Xcode/DerivedData/MDWriter-eobkziwyonlhqbgzjjspbemizesy/Build/Products/Debug/PackageFrameworks -F /Users/steve/Library/Developer/Xcode/DerivedData/MDWriter-eobkziwyonlhqbgzjjspbemizesy/Build/Products/Debug/PackageFrameworks -F /Users/steve/Library/Developer/Xcode/DerivedData/MDWriter-eobkziwyonlhqbgzjjspbemizesy/Build/Products/Debug -F /Applications/Xcode.app/Contents/Developer/Platforms/MacOSX.platform/Developer/Library/Frameworks -c -j8 -enable-batch-mode -incremental -Xcc -ivfsstatcache -Xcc /Users/steve/Library/Developer/Xcode/DerivedData/SDKStatCaches.noindex/macosx26.2-25C57-00fa09913b459cbbc988d1f6730289ae.sdkstatcache -output-file-map /Users/steve/Library/Developer/Xcode/DerivedData/MDWriter-eobkziwyonlhqbgzjjspbemizesy/Build/Intermediates.noindex/swift-syntax.build/Debug/SwiftSyntax.build/Objects-normal/arm64/SwiftSyntax-OutputFileMap.json -use-frontend-parseable-output -save-temps -no-color-diagnostics -explicit-module-build -module-cache-path /Users/steve/Library/Developer/Xcode/DerivedData/MDWriter-eobkziwyonlhqbgzjjspbemizesy/Build/Intermediates.noindex/SwiftExplicitPrecompiledModules -clang-scanner-module-cache-path /Users/steve/Library/Developer/Xcode/DerivedData/ModuleCache.noindex -sdk-module-cache-path /Users/steve/Library/Developer/Xcode/DerivedData/ModuleCache.noindex -serialize-diagnostics -emit-dependencies -emit-module -emit-module-path /Users/steve/Library/Developer/Xcode/DerivedData/MDWriter-eobkziwyonlhqbgzjjspbemizesy/Build/Intermediates.noindex/swift-syntax.build/Debug/SwiftSyntax.build/Objects-normal/arm64/SwiftSyntax.swiftmodule -validate-clang-modules-once -clang-build-session-file /Users/steve/Library/Developer/Xcode/DerivedData/ModuleCache.noindex/Session.modulevalidation -Xcc -I/Users/steve/Library/Developer/Xcode/DerivedData/MDWriter-eobkziwyonlhqbgzjjspbemizesy/Build/Intermediates.noindex/swift-syntax.build/Debug/SwiftSyntax.build/swift-overrides.hmap -emit-const-values -Xfrontend -const-gather-protocols-file -Xfrontend /Users/steve/Library/Developer/Xcode/DerivedData/MDWriter-eobkziwyonlhqbgzjjspbemizesy/Build/Intermediates.noindex/swift-syntax.build/Debug/SwiftSyntax.build/Objects-normal/arm64/SwiftSyntax_const_extract_protocols.json -Xcc -I/Users/steve/Library/Developer/Xcode/DerivedData/MDWriter-eobkziwyonlhqbgzjjspbemizesy/SourcePackages/checkouts/swift-syntax/Sources/_SwiftSyntaxCShims/include -Xcc -I/Users/steve/Library/Developer/Xcode/DerivedData/MDWriter-eobkziwyonlhqbgzjjspbemizesy/Build/Products/Debug/include -Xcc -I/Users/steve/Library/Developer/Xcode/DerivedData/MDWriter-eobkziwyonlhqbgzjjspbemizesy/Build/Intermediates.noindex/swift-syntax.build/Debug/SwiftSyntax.build/DerivedSources-normal/arm64 -Xcc -I/Users/steve/Library/Developer/Xcode/DerivedData/MDWriter-eobkziwyonlhqbgzjjspbemizesy/Build/Intermediates.noindex/swift-syntax.build/Debug/SwiftSyntax.build/DerivedSources/arm64 -Xcc -I/Users/steve/Library/Developer/Xcode/DerivedData/MDWriter-eobkziwyonlhqbgzjjspbemizesy/Build/Intermediates.noindex/swift-syntax.build/Debug/SwiftSyntax.build/DerivedSources -Xcc -DSWIFT_PACKAGE -Xcc -DDEBUG\=1 -emit-objc-header -emit-objc-header-path /Users/steve/Library/Developer/Xcode/DerivedData/MDWriter-eobkziwyonlhqbgzjjspbemizesy/Build/Intermediates.noindex/swift-syntax.build/Debug/SwiftSyntax.build/Objects-normal/arm64/SwiftSyntax-Swift.h -working-directory /Users/steve/Documents/GitHub/MDWriter/MDWriter.xcodeproj -experimental-emit-module-separately -disable-cmo

SwiftCompile normal arm64 Compiling\ ChildNameForKeyPath.swift /Users/steve/Library/Developer/Xcode/DerivedData/MDWriter-eobkziwyonlhqbgzjjspbemizesy/SourcePackages/checkouts/swift-syntax/Sources/SwiftSyntax/generated/ChildNameForKeyPath.swift (in target 'SwiftSyntax' from project 'swift-syntax')

SwiftCompile normal arm64 /Users/steve/Library/Developer/Xcode/DerivedData/MDWriter-eobkziwyonlhqbgzjjspbemizesy/SourcePackages/checkouts/swift-syntax/Sources/SwiftSyntax/generated/ChildNameForKeyPath.swift (in target 'SwiftSyntax' from project 'swift-syntax')
    cd /Users/steve/Documents/GitHub/MDWriter/MDWriter.xcodeproj
    

SwiftEmitModule normal arm64 Emitting\ module\ for\ SwiftSyntax (in target 'SwiftSyntax' from project 'swift-syntax')

EmitSwiftModule normal arm64 (in target 'SwiftSyntax' from project 'swift-syntax')
    cd /Users/steve/Documents/GitHub/MDWriter/MDWriter.xcodeproj
    

SwiftDriverJobDiscovery normal arm64 Emitting module for SwiftSyntax (in target 'SwiftSyntax' from project 'swift-syntax')

SwiftDriver\ Compilation\ Requirements SwiftSyntax normal arm64 com.apple.xcode.tools.swift.compiler (in target 'SwiftSyntax' from project 'swift-syntax')
    cd /Users/steve/Documents/GitHub/MDWriter/MDWriter.xcodeproj
    builtin-Swift-Compilation-Requirements -- /Applications/Xcode.app/Contents/Developer/Toolchains/XcodeDefault.xctoolchain/usr/bin/swiftc -module-name SwiftSyntax -Onone -enforce-exclusivity\=checked @/Users/steve/Library/Developer/Xcode/DerivedData/MDWriter-eobkziwyonlhqbgzjjspbemizesy/Build/Intermediates.noindex/swift-syntax.build/Debug/SwiftSyntax.build/Objects-normal/arm64/SwiftSyntax.SwiftFileList -DSWIFT_PACKAGE -DDEBUG -DSWIFT_MODULE_RESOURCE_BUNDLE_UNAVAILABLE -DXcode -plugin-path /Applications/Xcode.app/Contents/Developer/Toolchains/XcodeDefault.xctoolchain/usr/lib/swift/host/plugins/testing -enable-experimental-feature DebugDescriptionMacro -sdk /Applications/Xcode.app/Contents/Developer/Platforms/MacOSX.platform/Developer/SDKs/MacOSX26.2.sdk -target arm64-apple-macos10.15 -g -module-cache-path /Users/steve/Library/Developer/Xcode/DerivedData/ModuleCache.noindex -Xfrontend -serialize-debugging-options -profile-coverage-mapping -profile-generate -enable-testing -suppress-warnings -index-store-path /Users/steve/Library/Developer/Xcode/DerivedData/MDWriter-eobkziwyonlhqbgzjjspbemizesy/Index.noindex/DataStore -Xcc -D_LIBCPP_HARDENING_MODE\=_LIBCPP_HARDENING_MODE_DEBUG -swift-version 6 -I /Users/steve/Library/Developer/Xcode/DerivedData/MDWriter-eobkziwyonlhqbgzjjspbemizesy/Build/Products/Debug -Isystem /Applications/Xcode.app/Contents/Developer/Platforms/MacOSX.platform/Developer/usr/lib -F /Users/steve/Library/Developer/Xcode/DerivedData/MDWriter-eobkziwyonlhqbgzjjspbemizesy/Build/Products/Debug/PackageFrameworks -F /Users/steve/Library/Developer/Xcode/DerivedData/MDWriter-eobkziwyonlhqbgzjjspbemizesy/Build/Products/Debug/PackageFrameworks -F /Users/steve/Library/Developer/Xcode/DerivedData/MDWriter-eobkziwyonlhqbgzjjspbemizesy/Build/Products/Debug/PackageFrameworks -F /Users/steve/Library/Developer/Xcode/DerivedData/MDWriter-eobkziwyonlhqbgzjjspbemizesy/Build/Products/Debug/PackageFrameworks -F /Users/steve/Library/Developer/Xcode/DerivedData/MDWriter-eobkziwyonlhqbgzjjspbemizesy/Build/Products/Debug/PackageFrameworks -F /Users/steve/Library/Developer/Xcode/DerivedData/MDWriter-eobkziwyonlhqbgzjjspbemizesy/Build/Products/Debug -F /Applications/Xcode.app/Contents/Developer/Platforms/MacOSX.platform/Developer/Library/Frameworks -c -j8 -enable-batch-mode -incremental -Xcc -ivfsstatcache -Xcc /Users/steve/Library/Developer/Xcode/DerivedData/SDKStatCaches.noindex/macosx26.2-25C57-00fa09913b459cbbc988d1f6730289ae.sdkstatcache -output-file-map /Users/steve/Library/Developer/Xcode/DerivedData/MDWriter-eobkziwyonlhqbgzjjspbemizesy/Build/Intermediates.noindex/swift-syntax.build/Debug/SwiftSyntax.build/Objects-normal/arm64/SwiftSyntax-OutputFileMap.json -use-frontend-parseable-output -save-temps -no-color-diagnostics -explicit-module-build -module-cache-path /Users/steve/Library/Developer/Xcode/DerivedData/MDWriter-eobkziwyonlhqbgzjjspbemizesy/Build/Intermediates.noindex/SwiftExplicitPrecompiledModules -clang-scanner-module-cache-path /Users/steve/Library/Developer/Xcode/DerivedData/ModuleCache.noindex -sdk-module-cache-path /Users/steve/Library/Developer/Xcode/DerivedData/ModuleCache.noindex -serialize-diagnostics -emit-dependencies -emit-module -emit-module-path /Users/steve/Library/Developer/Xcode/DerivedData/MDWriter-eobkziwyonlhqbgzjjspbemizesy/Build/Intermediates.noindex/swift-syntax.build/Debug/SwiftSyntax.build/Objects-normal/arm64/SwiftSyntax.swiftmodule -validate-clang-modules-once -clang-build-session-file /Users/steve/Library/Developer/Xcode/DerivedData/ModuleCache.noindex/Session.modulevalidation -Xcc -I/Users/steve/Library/Developer/Xcode/DerivedData/MDWriter-eobkziwyonlhqbgzjjspbemizesy/Build/Intermediates.noindex/swift-syntax.build/Debug/SwiftSyntax.build/swift-overrides.hmap -emit-const-values -Xfrontend -const-gather-protocols-file -Xfrontend /Users/steve/Library/Developer/Xcode/DerivedData/MDWriter-eobkziwyonlhqbgzjjspbemizesy/Build/Intermediates.noindex/swift-syntax.build/Debug/SwiftSyntax.build/Objects-normal/arm64/SwiftSyntax_const_extract_protocols.json -Xcc -I/Users/steve/Library/Developer/Xcode/DerivedData/MDWriter-eobkziwyonlhqbgzjjspbemizesy/SourcePackages/checkouts/swift-syntax/Sources/_SwiftSyntaxCShims/include -Xcc -I/Users/steve/Library/Developer/Xcode/DerivedData/MDWriter-eobkziwyonlhqbgzjjspbemizesy/Build/Products/Debug/include -Xcc -I/Users/steve/Library/Developer/Xcode/DerivedData/MDWriter-eobkziwyonlhqbgzjjspbemizesy/Build/Intermediates.noindex/swift-syntax.build/Debug/SwiftSyntax.build/DerivedSources-normal/arm64 -Xcc -I/Users/steve/Library/Developer/Xcode/DerivedData/MDWriter-eobkziwyonlhqbgzjjspbemizesy/Build/Intermediates.noindex/swift-syntax.build/Debug/SwiftSyntax.build/DerivedSources/arm64 -Xcc -I/Users/steve/Library/Developer/Xcode/DerivedData/MDWriter-eobkziwyonlhqbgzjjspbemizesy/Build/Intermediates.noindex/swift-syntax.build/Debug/SwiftSyntax.build/DerivedSources -Xcc -DSWIFT_PACKAGE -Xcc -DDEBUG\=1 -emit-objc-header -emit-objc-header-path /Users/steve/Library/Developer/Xcode/DerivedData/MDWriter-eobkziwyonlhqbgzjjspbemizesy/Build/Intermediates.noindex/swift-syntax.build/Debug/SwiftSyntax.build/Objects-normal/arm64/SwiftSyntax-Swift.h -working-directory /Users/steve/Documents/GitHub/MDWriter/MDWriter.xcodeproj -experimental-emit-module-separately -disable-cmo

Copy /Users/steve/Library/Developer/Xcode/DerivedData/MDWriter-eobkziwyonlhqbgzjjspbemizesy/Build/Products/Debug/SwiftSyntax.swiftmodule/arm64-apple-macos.abi.json /Users/steve/Library/Developer/Xcode/DerivedData/MDWriter-eobkziwyonlhqbgzjjspbemizesy/Build/Intermediates.noindex/swift-syntax.build/Debug/SwiftSyntax.build/Objects-normal/arm64/SwiftSyntax.abi.json (in target 'SwiftSyntax' from project 'swift-syntax')
    cd /Users/steve/Library/Developer/Xcode/DerivedData/MDWriter-eobkziwyonlhqbgzjjspbemizesy/SourcePackages/checkouts/swift-syntax
    builtin-copy -exclude .DS_Store -exclude CVS -exclude .svn -exclude .git -exclude .hg -resolve-src-symlinks -rename /Users/steve/Library/Developer/Xcode/DerivedData/MDWriter-eobkziwyonlhqbgzjjspbemizesy/Build/Intermediates.noindex/swift-syntax.build/Debug/SwiftSyntax.build/Objects-normal/arm64/SwiftSyntax.abi.json /Users/steve/Library/Developer/Xcode/DerivedData/MDWriter-eobkziwyonlhqbgzjjspbemizesy/Build/Products/Debug/SwiftSyntax.swiftmodule/arm64-apple-macos.abi.json

SwiftDriver MDWriter normal arm64 com.apple.xcode.tools.swift.compiler (in target 'MDWriter' from project 'MDWriter')
    cd /Users/steve/Documents/GitHub/MDWriter
    builtin-SwiftDriver -- /Applications/Xcode.app/Contents/Developer/Toolchains/XcodeDefault.xctoolchain/usr/bin/swiftc -module-name MDWriter -Onone -enforce-exclusivity\=checked @/Users/steve/Library/Developer/Xcode/DerivedData/MDWriter-eobkziwyonlhqbgzjjspbemizesy/Build/Intermediates.noindex/MDWriter.build/Debug/MDWriter.build/Objects-normal/arm64/MDWriter.SwiftFileList -DDEBUG -default-isolation\=MainActor -enable-upcoming-feature MemberImportVisibility -enable-upcoming-feature InferIsolatedConformances -enable-upcoming-feature NonisolatedNonsendingByDefault -enable-experimental-feature DebugDescriptionMacro -sdk /Applications/Xcode.app/Contents/Developer/Platforms/MacOSX.platform/Developer/SDKs/MacOSX26.2.sdk -target arm64-apple-macos14.0 -g -module-cache-path /Users/steve/Library/Developer/Xcode/DerivedData/ModuleCache.noindex -Xfrontend -serialize-debugging-options -profile-coverage-mapping -profile-generate -enable-testing -index-store-path /Users/steve/Library/Developer/Xcode/DerivedData/MDWriter-eobkziwyonlhqbgzjjspbemizesy/Index.noindex/DataStore -Xcc -D_LIBCPP_HARDENING_MODE\=_LIBCPP_HARDENING_MODE_DEBUG -swift-version 6 -I /Users/steve/Library/Developer/Xcode/DerivedData/MDWriter-eobkziwyonlhqbgzjjspbemizesy/Build/Products/Debug -F /Users/steve/Library/Developer/Xcode/DerivedData/MDWriter-eobkziwyonlhqbgzjjspbemizesy/Build/Products/Debug/PackageFrameworks -F /Users/steve/Library/Developer/Xcode/DerivedData/MDWriter-eobkziwyonlhqbgzjjspbemizesy/Build/Products/Debug/PackageFrameworks -F /Users/steve/Library/Developer/Xcode/DerivedData/MDWriter-eobkziwyonlhqbgzjjspbemizesy/Build/Products/Debug/PackageFrameworks -F /Users/steve/Library/Developer/Xcode/DerivedData/MDWriter-eobkziwyonlhqbgzjjspbemizesy/Build/Products/Debug/PackageFrameworks -F /Users/steve/Library/Developer/Xcode/DerivedData/MDWriter-eobkziwyonlhqbgzjjspbemizesy/Build/Products/Debug/PackageFrameworks -F /Users/steve/Library/Developer/Xcode/DerivedData/MDWriter-eobkziwyonlhqbgzjjspbemizesy/Build/Products/Debug/PackageFrameworks -F /Users/steve/Library/Developer/Xcode/DerivedData/MDWriter-eobkziwyonlhqbgzjjspbemizesy/Build/Products/Debug/PackageFrameworks -F /Users/steve/Library/Developer/Xcode/DerivedData/MDWriter-eobkziwyonlhqbgzjjspbemizesy/Build/Products/Debug/PackageFrameworks -F /Users/steve/Library/Developer/Xcode/DerivedData/MDWriter-eobkziwyonlhqbgzjjspbemizesy/Build/Products/Debug/PackageFrameworks -F /Users/steve/Library/Developer/Xcode/DerivedData/MDWriter-eobkziwyonlhqbgzjjspbemizesy/Build/Products/Debug/PackageFrameworks -F /Users/steve/Library/Developer/Xcode/DerivedData/MDWriter-eobkziwyonlhqbgzjjspbemizesy/Build/Products/Debug/PackageFrameworks -F /Users/steve/Library/Developer/Xcode/DerivedData/MDWriter-eobkziwyonlhqbgzjjspbemizesy/Build/Products/Debug/PackageFrameworks -F /Users/steve/Library/Developer/Xcode/DerivedData/MDWriter-eobkziwyonlhqbgzjjspbemizesy/Build/Products/Debug/PackageFrameworks -F /Users/steve/Library/Developer/Xcode/DerivedData/MDWriter-eobkziwyonlhqbgzjjspbemizesy/Build/Products/Debug/PackageFrameworks -F /Users/steve/Library/Developer/Xcode/DerivedData/MDWriter-eobkziwyonlhqbgzjjspbemizesy/Build/Products/Debug/PackageFrameworks -F /Users/steve/Library/Developer/Xcode/DerivedData/MDWriter-eobkziwyonlhqbgzjjspbemizesy/Build/Products/Debug/PackageFrameworks -F /Users/steve/Library/Developer/Xcode/DerivedData/MDWriter-eobkziwyonlhqbgzjjspbemizesy/Build/Products/Debug/PackageFrameworks -F /Users/steve/Library/Developer/Xcode/DerivedData/MDWriter-eobkziwyonlhqbgzjjspbemizesy/Build/Products/Debug/PackageFrameworks -F /Users/steve/Library/Developer/Xcode/DerivedData/MDWriter-eobkziwyonlhqbgzjjspbemizesy/Build/Products/Debug/PackageFrameworks -F /Users/steve/Library/Developer/Xcode/DerivedData/MDWriter-eobkziwyonlhqbgzjjspbemizesy/Build/Products/Debug/PackageFrameworks -F /Users/steve/Library/Developer/Xcode/DerivedData/MDWriter-eobkziwyonlhqbgzjjspbemizesy/Build/Products/Debug/PackageFrameworks -F /Users/steve/Library/Developer/Xcode/DerivedData/MDWriter-eobkziwyonlhqbgzjjspbemizesy/Build/Products/Debug/PackageFrameworks -F /Users/steve/Library/Developer/Xcode/DerivedData/MDWriter-eobkziwyonlhqbgzjjspbemizesy/Build/Products/Debug/PackageFrameworks -F /Users/steve/Library/Developer/Xcode/DerivedData/MDWriter-eobkziwyonlhqbgzjjspbemizesy/Build/Products/Debug/PackageFrameworks -F /Users/steve/Library/Developer/Xcode/DerivedData/MDWriter-eobkziwyonlhqbgzjjspbemizesy/Build/Products/Debug/PackageFrameworks -F /Users/steve/Library/Developer/Xcode/DerivedData/MDWriter-eobkziwyonlhqbgzjjspbemizesy/Build/Products/Debug/PackageFrameworks -F /Users/steve/Library/Developer/Xcode/DerivedData/MDWriter-eobkziwyonlhqbgzjjspbemizesy/Build/Products/Debug/PackageFrameworks -F /Users/steve/Library/Developer/Xcode/DerivedData/MDWriter-eobkziwyonlhqbgzjjspbemizesy/Build/Products/Debug/PackageFrameworks -F /Users/steve/Library/Developer/Xcode/DerivedData/MDWriter-eobkziwyonlhqbgzjjspbemizesy/Build/Products/Debug/PackageFrameworks -F /Users/steve/Library/Developer/Xcode/DerivedData/MDWriter-eobkziwyonlhqbgzjjspbemizesy/Build/Products/Debug -emit-localized-strings -emit-localized-strings-path /Users/steve/Library/Developer/Xcode/DerivedData/MDWriter-eobkziwyonlhqbgzjjspbemizesy/Build/Intermediates.noindex/MDWriter.build/Debug/MDWriter.build/Objects-normal/arm64 -c -j8 -enable-batch-mode -incremental -Xcc -ivfsstatcache -Xcc /Users/steve/Library/Developer/Xcode/DerivedData/SDKStatCaches.noindex/macosx26.2-25C57-00fa09913b459cbbc988d1f6730289ae.sdkstatcache -output-file-map /Users/steve/Library/Developer/Xcode/DerivedData/MDWriter-eobkziwyonlhqbgzjjspbemizesy/Build/Intermediates.noindex/MDWriter.build/Debug/MDWriter.build/Objects-normal/arm64/MDWriter-OutputFileMap.json -use-frontend-parseable-output -save-temps -no-color-diagnostics -explicit-module-build -module-cache-path /Users/steve/Library/Developer/Xcode/DerivedData/MDWriter-eobkziwyonlhqbgzjjspbemizesy/Build/Intermediates.noindex/SwiftExplicitPrecompiledModules -clang-scanner-module-cache-path /Users/steve/Library/Developer/Xcode/DerivedData/ModuleCache.noindex -sdk-module-cache-path /Users/steve/Library/Developer/Xcode/DerivedData/ModuleCache.noindex -serialize-diagnostics -emit-dependencies -emit-module -emit-module-path /Users/steve/Library/Developer/Xcode/DerivedData/MDWriter-eobkziwyonlhqbgzjjspbemizesy/Build/Intermediates.noindex/MDWriter.build/Debug/MDWriter.build/Objects-normal/arm64/MDWriter.swiftmodule -validate-clang-modules-once -clang-build-session-file /Users/steve/Library/Developer/Xcode/DerivedData/ModuleCache.noindex/Session.modulevalidation -Xcc -I/Users/steve/Library/Developer/Xcode/DerivedData/MDWriter-eobkziwyonlhqbgzjjspbemizesy/Build/Intermediates.noindex/MDWriter.build/Debug/MDWriter.build/swift-overrides.hmap -emit-const-values -Xfrontend -const-gather-protocols-file -Xfrontend /Users/steve/Library/Developer/Xcode/DerivedData/MDWriter-eobkziwyonlhqbgzjjspbemizesy/Build/Intermediates.noindex/MDWriter.build/Debug/MDWriter.build/Objects-normal/arm64/MDWriter_const_extract_protocols.json -Xcc -iquote -Xcc /Users/steve/Library/Developer/Xcode/DerivedData/MDWriter-eobkziwyonlhqbgzjjspbemizesy/Build/Intermediates.noindex/MDWriter.build/Debug/MDWriter.build/MDWriter-generated-files.hmap -Xcc -I/Users/steve/Library/Developer/Xcode/DerivedData/MDWriter-eobkziwyonlhqbgzjjspbemizesy/Build/Intermediates.noindex/MDWriter.build/Debug/MDWriter.build/MDWriter-own-target-headers.hmap -Xcc -I/Users/steve/Library/Developer/Xcode/DerivedData/MDWriter-eobkziwyonlhqbgzjjspbemizesy/Build/Intermediates.noindex/MDWriter.build/Debug/MDWriter.build/MDWriter-all-non-framework-target-headers.hmap -Xcc -ivfsoverlay -Xcc /Users/steve/Library/Developer/Xcode/DerivedData/MDWriter-eobkziwyonlhqbgzjjspbemizesy/Build/Intermediates.noindex/MDWriter.build/Debug/MDWriter-c140e96aad52ad6b3aceb3ccb0579b50-VFS/all-product-headers.yaml -Xcc -iquote -Xcc /Users/steve/Library/Developer/Xcode/DerivedData/MDWriter-eobkziwyonlhqbgzjjspbemizesy/Build/Intermediates.noindex/MDWriter.build/Debug/MDWriter.build/MDWriter-project-headers.hmap -Xcc -I/Users/steve/Library/Developer/Xcode/DerivedData/MDWriter-eobkziwyonlhqbgzjjspbemizesy/SourcePackages/checkouts/swift-syntax/Sources/_SwiftSyntaxCShims/include -Xcc -I/Users/steve/Library/Developer/Xcode/DerivedData/MDWriter-eobkziwyonlhqbgzjjspbemizesy/SourcePackages/checkouts/Yams/Sources/CYaml/include -Xcc -I/Users/steve/Library/Developer/Xcode/DerivedData/MDWriter-eobkziwyonlhqbgzjjspbemizesy/SourcePackages/checkouts/swift-cmark/src/include -Xcc -I/Users/steve/Library/Developer/Xcode/DerivedData/MDWriter-eobkziwyonlhqbgzjjspbemizesy/SourcePackages/checkouts/swift-cmark/extensions/include -Xcc -I/Users/steve/Library/Developer/Xcode/DerivedData/MDWriter-eobkziwyonlhqbgzjjspbemizesy/SourcePackages/checkouts/swift-markdown/Sources/CAtomic/include -Xcc -I/Users/steve/Library/Developer/Xcode/DerivedData/MDWriter-eobkziwyonlhqbgzjjspbemizesy/Build/Products/Debug/include -Xcc -I/Users/steve/Library/Developer/Xcode/DerivedData/MDWriter-eobkziwyonlhqbgzjjspbemizesy/Build/Intermediates.noindex/MDWriter.build/Debug/MDWriter.build/DerivedSources-normal/arm64 -Xcc -I/Users/steve/Library/Developer/Xcode/DerivedData/MDWriter-eobkziwyonlhqbgzjjspbemizesy/Build/Intermediates.noindex/MDWriter.build/Debug/MDWriter.build/DerivedSources/arm64 -Xcc -I/Users/steve/Library/Developer/Xcode/DerivedData/MDWriter-eobkziwyonlhqbgzjjspbemizesy/Build/Intermediates.noindex/MDWriter.build/Debug/MDWriter.build/DerivedSources -Xcc -DDEBUG\=1 -emit-objc-header -emit-objc-header-path /Users/steve/Library/Developer/Xcode/DerivedData/MDWriter-eobkziwyonlhqbgzjjspbemizesy/Build/Intermediates.noindex/MDWriter.build/Debug/MDWriter.build/Objects-normal/arm64/MDWriter-Swift.h -working-directory /Users/steve/Documents/GitHub/MDWriter -experimental-emit-module-separately -disable-cmo

SwiftCompile normal arm64 Compiling\ UlyssesTextView.swift,\ WhatsNewConfiguration.swift,\ EditorSettingsView.swift /Users/steve/Documents/GitHub/MDWriter/MDWriter/Editor/UlyssesTextView.swift /Users/steve/Documents/GitHub/MDWriter/MDWriter/Integrations/WhatsNewConfiguration.swift /Users/steve/Documents/GitHub/MDWriter/MDWriter/Settings/EditorSettingsView.swift (in target 'MDWriter' from project 'MDWriter')

SwiftCompile normal arm64 /Users/steve/Documents/GitHub/MDWriter/MDWriter/Editor/UlyssesTextView.swift (in target 'MDWriter' from project 'MDWriter')
    cd /Users/steve/Documents/GitHub/MDWriter
    

SwiftCompile normal arm64 /Users/steve/Documents/GitHub/MDWriter/MDWriter/Integrations/WhatsNewConfiguration.swift (in target 'MDWriter' from project 'MDWriter')
    cd /Users/steve/Documents/GitHub/MDWriter
    

SwiftCompile normal arm64 /Users/steve/Documents/GitHub/MDWriter/MDWriter/Settings/EditorSettingsView.swift (in target 'MDWriter' from project 'MDWriter')
    cd /Users/steve/Documents/GitHub/MDWriter
    

SwiftCompile normal arm64 Compiling\ ExportService.swift,\ ImageManager.swift,\ KeyboardShortcutsView.swift /Users/steve/Documents/GitHub/MDWriter/MDWriter/ExportService.swift /Users/steve/Documents/GitHub/MDWriter/MDWriter/ImageManager.swift /Users/steve/Documents/GitHub/MDWriter/MDWriter/KeyboardShortcutsView.swift (in target 'MDWriter' from project 'MDWriter')

SwiftCompile normal arm64 /Users/steve/Documents/GitHub/MDWriter/MDWriter/ExportService.swift (in target 'MDWriter' from project 'MDWriter')
    cd /Users/steve/Documents/GitHub/MDWriter
    

SwiftCompile normal arm64 /Users/steve/Documents/GitHub/MDWriter/MDWriter/ImageManager.swift (in target 'MDWriter' from project 'MDWriter')
    cd /Users/steve/Documents/GitHub/MDWriter
    

SwiftCompile normal arm64 /Users/steve/Documents/GitHub/MDWriter/MDWriter/KeyboardShortcutsView.swift (in target 'MDWriter' from project 'MDWriter')
    cd /Users/steve/Documents/GitHub/MDWriter
    

SwiftCompile normal arm64 Compiling\ MarkdownSettingsView.swift,\ AppTheme.swift,\ BackupManager.swift /Users/steve/Documents/GitHub/MDWriter/MDWriter/Settings/MarkdownSettingsView.swift /Users/steve/Documents/GitHub/MDWriter/MDWriter/AppTheme.swift /Users/steve/Documents/GitHub/MDWriter/MDWriter/BackupManager.swift (in target 'MDWriter' from project 'MDWriter')

SwiftCompile normal arm64 /Users/steve/Documents/GitHub/MDWriter/MDWriter/Settings/MarkdownSettingsView.swift (in target 'MDWriter' from project 'MDWriter')
    cd /Users/steve/Documents/GitHub/MDWriter
    

SwiftCompile normal arm64 /Users/steve/Documents/GitHub/MDWriter/MDWriter/AppTheme.swift (in target 'MDWriter' from project 'MDWriter')
    cd /Users/steve/Documents/GitHub/MDWriter
    

SwiftCompile normal arm64 /Users/steve/Documents/GitHub/MDWriter/MDWriter/BackupManager.swift (in target 'MDWriter' from project 'MDWriter')
    cd /Users/steve/Documents/GitHub/MDWriter
    

SwiftCompile normal arm64 Compiling\ UlyssesEditor.swift,\ UlyssesMarkupBar.swift,\ UlyssesSearchBar.swift /Users/steve/Documents/GitHub/MDWriter/MDWriter/Editor/UlyssesEditor.swift /Users/steve/Documents/GitHub/MDWriter/MDWriter/Editor/UlyssesMarkupBar.swift /Users/steve/Documents/GitHub/MDWriter/MDWriter/Editor/UlyssesSearchBar.swift (in target 'MDWriter' from project 'MDWriter')

SwiftCompile normal arm64 /Users/steve/Documents/GitHub/MDWriter/MDWriter/Editor/UlyssesEditor.swift (in target 'MDWriter' from project 'MDWriter')
    cd /Users/steve/Documents/GitHub/MDWriter
    

SwiftCompile normal arm64 /Users/steve/Documents/GitHub/MDWriter/MDWriter/Editor/UlyssesMarkupBar.swift (in target 'MDWriter' from project 'MDWriter')
    cd /Users/steve/Documents/GitHub/MDWriter
    

SwiftCompile normal arm64 /Users/steve/Documents/GitHub/MDWriter/MDWriter/Editor/UlyssesSearchBar.swift (in target 'MDWriter' from project 'MDWriter')
    cd /Users/steve/Documents/GitHub/MDWriter
    

SwiftEmitModule normal arm64 Emitting\ module\ for\ MDWriter (in target 'MDWriter' from project 'MDWriter')
Failed frontend command:
/Applications/Xcode.app/Contents/Developer/Toolchains/XcodeDefault.xctoolchain/usr/bin/swift-frontend -frontend -emit-module -experimental-skip-non-inlinable-function-bodies-without-types /Users/steve/Documents/GitHub/MDWriter/MDWriter/Editor/EditorController.swift /Users/steve/Documents/GitHub/MDWriter/MDWriter/Editor/MarkdownTextStorage.swift /Users/steve/Documents/GitHub/MDWriter/MDWriter/Editor/MarkupBarView.swift /Users/steve/Documents/GitHub/MDWriter/MDWriter/Editor/UlyssesBottomToolbar.swift /Users/steve/Documents/GitHub/MDWriter/MDWriter/Editor/UlyssesEditor.swift /Users/steve/Documents/GitHub/MDWriter/MDWriter/Editor/UlyssesMarkupBar.swift /Users/steve/Documents/GitHub/MDWriter/MDWriter/Editor/UlyssesSearchBar.swift /Users/steve/Documents/GitHub/MDWriter/MDWriter/Editor/UlyssesTextView.swift /Users/steve/Documents/GitHub/MDWriter/MDWriter/Editor/WebView.swift /Users/steve/Documents/GitHub/MDWriter/MDWriter/Integrations/Updater.swift /Users/steve/Documents/GitHub/MDWriter/MDWriter/Integrations/WhatsNewConfiguration.swift /Users/steve/Documents/GitHub/MDWriter/MDWriter/Settings/EditorSettings.swift /Users/steve/Documents/GitHub/MDWriter/MDWriter/Settings/EditorSettingsView.swift /Users/steve/Documents/GitHub/MDWriter/MDWriter/Settings/GeneralSettingsView.swift /Users/steve/Documents/GitHub/MDWriter/MDWriter/Settings/MarkdownSettingsView.swift /Users/steve/Documents/GitHub/MDWriter/MDWriter/Settings/SettingsView.swift /Users/steve/Documents/GitHub/MDWriter/MDWriter/AppTheme.swift /Users/steve/Documents/GitHub/MDWriter/MDWriter/BackupManager.swift /Users/steve/Documents/GitHub/MDWriter/MDWriter/ContentView.swift /Users/steve/Documents/GitHub/MDWriter/MDWriter/DashboardView.swift /Users/steve/Documents/GitHub/MDWriter/MDWriter/ExportPreviewView.swift /Users/steve/Documents/GitHub/MDWriter/MDWriter/ExportService.swift /Users/steve/Documents/GitHub/MDWriter/MDWriter/ImageManager.swift /Users/steve/Documents/GitHub/MDWriter/MDWriter/KeyboardShortcutsView.swift /Users/steve/Documents/GitHub/MDWriter/MDWriter/LibraryView.swift /Users/steve/Documents/GitHub/MDWriter/MDWriter/MarkdownStructure.swift /Users/steve/Documents/GitHub/MDWriter/MDWriter/MDWriterApp.swift /Users/steve/Documents/GitHub/MDWriter/MDWriter/MenuCommands.swift /Users/steve/Documents/GitHub/MDWriter/MDWriter/Models.swift /Users/steve/Documents/GitHub/MDWriter/MDWriter/NoteListView.swift /Users/steve/Documents/GitHub/MDWriter/MDWriter/SnapshotBrowserView.swift /Users/steve/Library/Developer/Xcode/DerivedData/MDWriter-eobkziwyonlhqbgzjjspbemizesy/Build/Intermediates.noindex/MDWriter.build/Debug/MDWriter.build/DerivedSources/GeneratedAssetSymbols.swift /Users/steve/Library/Developer/Xcode/DerivedData/MDWriter-eobkziwyonlhqbgzjjspbemizesy/Build/Intermediates.noindex/MDWriter.build/Debug/MDWriter.build/DerivedSources/GeneratedStringSymbols_Localizable.swift -target arm64-apple-macos14.0 -module-can-import-version AppKit 2685.30.107 2685.30.107 -module-can-import-version DeveloperToolsSupport 23.0.4 23.0.4 -module-can-import Highlightr -module-can-import-version Markdown 0.7.3.0 0 -module-can-import-version SwiftUI 7.2.5.1 7.2.5 -disable-cross-import-overlay-search -swift-module-cross-import SwiftData /Applications/Xcode.app/Contents/Developer/Platforms/MacOSX.platform/Developer/SDKs/MacOSX26.2.sdk/System/Library/Frameworks/SwiftData.framework/Modules/SwiftData.swiftcrossimport/CoreData.swiftoverlay -swift-module-cross-import SwiftData /Applications/Xcode.app/Contents/Developer/Platforms/MacOSX.platform/Developer/SDKs/MacOSX26.2.sdk/System/Library/Frameworks/SwiftData.framework/Modules/SwiftData.swiftcrossimport/SwiftUI.swiftoverlay -swift-module-cross-import WebKit /Applications/Xcode.app/Contents/Developer/Platforms/MacOSX.platform/Developer/SDKs/MacOSX.sdk/System/Cryptexes/OS/System/Library/Frameworks/WebKit.framework/Modules/WebKit.swiftcrossimport/SwiftUI.swiftoverlay -swift-module-cross-import WebKit /Applications/Xcode.app/Contents/Developer/Platforms/MacOSX.platform/Developer/SDKs/MacOSX26.2.sdk/System/Library/Frameworks/WebKit.framework/Modules/WebKit.swiftcrossimport/SwiftUI.swiftoverlay -load-resolved-plugin /Applications/Xcode.app/Contents/Developer/Platforms/MacOSX.platform/Developer/usr/lib/swift/host/plugins/libFoundationMacros.dylib\#/Applications/Xcode.app/Contents/Developer/Platforms/MacOSX.platform/Developer/usr/bin/swift-plugin-server\#FoundationMacros -load-resolved-plugin /Applications/Xcode.app/Contents/Developer/Platforms/MacOSX.platform/Developer/usr/lib/swift/host/plugins/libObservationMacros.dylib\#/Applications/Xcode.app/Contents/Developer/Platforms/MacOSX.platform/Developer/usr/bin/swift-plugin-server\#ObservationMacros -load-resolved-plugin /Applications/Xcode.app/Contents/Developer/Platforms/MacOSX.platform/Developer/usr/lib/swift/host/plugins/libPreviewsMacros.dylib\#/Applications/Xcode.app/Contents/Developer/Platforms/MacOSX.platform/Developer/usr/bin/swift-plugin-server\#PreviewsMacros -load-resolved-plugin /Applications/Xcode.app/Contents/Developer/Platforms/MacOSX.platform/Developer/usr/lib/swift/host/plugins/libSwiftDataMacros.dylib\#/Applications/Xcode.app/Contents/Developer/Platforms/MacOSX.platform/Developer/usr/bin/swift-plugin-server\#SwiftDataMacros -load-resolved-plugin /Applications/Xcode.app/Contents/Developer/Platforms/MacOSX.platform/Developer/usr/lib/swift/host/plugins/libSwiftMacros.dylib\#/Applications/Xcode.app/Contents/Developer/Platforms/MacOSX.platform/Developer/usr/bin/swift-plugin-server\#SwiftMacros -load-resolved-plugin /Applications/Xcode.app/Contents/Developer/Platforms/MacOSX.platform/Developer/usr/lib/swift/host/plugins/libSwiftUIMacros.dylib\#/Applications/Xcode.app/Contents/Developer/Platforms/MacOSX.platform/Developer/usr/bin/swift-plugin-server\#SwiftUIMacros -disable-implicit-swift-modules -Xcc -fno-implicit-modules -Xcc -fno-implicit-module-maps -explicit-swift-module-map-file /Users/steve/Library/Developer/Xcode/DerivedData/MDWriter-eobkziwyonlhqbgzjjspbemizesy/Build/Intermediates.noindex/MDWriter.build/Debug/MDWriter.build/Objects-normal/arm64/MDWriter-dependencies-1.json -Xllvm -aarch64-use-tbi -enable-objc-interop -stack-check -sdk /Applications/Xcode.app/Contents/Developer/Platforms/MacOSX.platform/Developer/SDKs/MacOSX26.2.sdk -I /Users/steve/Library/Developer/Xcode/DerivedData/MDWriter-eobkziwyonlhqbgzjjspbemizesy/Build/Products/Debug -F /Users/steve/Library/Developer/Xcode/DerivedData/MDWriter-eobkziwyonlhqbgzjjspbemizesy/Build/Products/Debug/PackageFrameworks -F /Users/steve/Library/Developer/Xcode/DerivedData/MDWriter-eobkziwyonlhqbgzjjspbemizesy/Build/Products/Debug/PackageFrameworks -F /Users/steve/Library/Developer/Xcode/DerivedData/MDWriter-eobkziwyonlhqbgzjjspbemizesy/Build/Products/Debug/PackageFrameworks -F /Users/steve/Library/Developer/Xcode/DerivedData/MDWriter-eobkziwyonlhqbgzjjspbemizesy/Build/Products/Debug/PackageFrameworks -F /Users/steve/Library/Developer/Xcode/DerivedData/MDWriter-eobkziwyonlhqbgzjjspbemizesy/Build/Products/Debug/PackageFrameworks -F /Users/steve/Library/Developer/Xcode/DerivedData/MDWriter-eobkziwyonlhqbgzjjspbemizesy/Build/Products/Debug/PackageFrameworks -F /Users/steve/Library/Developer/Xcode/DerivedData/MDWriter-eobkziwyonlhqbgzjjspbemizesy/Build/Products/Debug/PackageFrameworks -F /Users/steve/Library/Developer/Xcode/DerivedData/MDWriter-eobkziwyonlhqbgzjjspbemizesy/Build/Products/Debug/PackageFrameworks -F /Users/steve/Library/Developer/Xcode/DerivedData/MDWriter-eobkziwyonlhqbgzjjspbemizesy/Build/Products/Debug/PackageFrameworks -F /Users/steve/Library/Developer/Xcode/DerivedData/MDWriter-eobkziwyonlhqbgzjjspbemizesy/Build/Products/Debug/PackageFrameworks -F /Users/steve/Library/Developer/Xcode/DerivedData/MDWriter-eobkziwyonlhqbgzjjspbemizesy/Build/Products/Debug/PackageFrameworks -F /Users/steve/Library/Developer/Xcode/DerivedData/MDWriter-eobkziwyonlhqbgzjjspbemizesy/Build/Products/Debug/PackageFrameworks -F /Users/steve/Library/Developer/Xcode/DerivedData/MDWriter-eobkziwyonlhqbgzjjspbemizesy/Build/Products/Debug/PackageFrameworks -F /Users/steve/Library/Developer/Xcode/DerivedData/MDWriter-eobkziwyonlhqbgzjjspbemizesy/Build/Products/Debug/PackageFrameworks -F /Users/steve/Library/Developer/Xcode/DerivedData/MDWriter-eobkziwyonlhqbgzjjspbemizesy/Build/Products/Debug/PackageFrameworks -F /Users/steve/Library/Developer/Xcode/DerivedData/MDWriter-eobkziwyonlhqbgzjjspbemizesy/Build/Products/Debug/PackageFrameworks -F /Users/steve/Library/Developer/Xcode/DerivedData/MDWriter-eobkziwyonlhqbgzjjspbemizesy/Build/Products/Debug/PackageFrameworks -F /Users/steve/Library/Developer/Xcode/DerivedData/MDWriter-eobkziwyonlhqbgzjjspbemizesy/Build/Products/Debug/PackageFrameworks -F /Users/steve/Library/Developer/Xcode/DerivedData/MDWriter-eobkziwyonlhqbgzjjspbemizesy/Build/Products/Debug/PackageFrameworks -F /Users/steve/Library/Developer/Xcode/DerivedData/MDWriter-eobkziwyonlhqbgzjjspbemizesy/Build/Products/Debug/PackageFrameworks -F /Users/steve/Library/Developer/Xcode/DerivedData/MDWriter-eobkziwyonlhqbgzjjspbemizesy/Build/Products/Debug/PackageFrameworks -F /Users/steve/Library/Developer/Xcode/DerivedData/MDWriter-eobkziwyonlhqbgzjjspbemizesy/Build/Products/Debug/PackageFrameworks -F /Users/steve/Library/Developer/Xcode/DerivedData/MDWriter-eobkziwyonlhqbgzjjspbemizesy/Build/Products/Debug/PackageFrameworks -F /Users/steve/Library/Developer/Xcode/DerivedData/MDWriter-eobkziwyonlhqbgzjjspbemizesy/Build/Products/Debug/PackageFrameworks -F /Users/steve/Library/Developer/Xcode/DerivedData/MDWriter-eobkziwyonlhqbgzjjspbemizesy/Build/Products/Debug/PackageFrameworks -F /Users/steve/Library/Developer/Xcode/DerivedData/MDWriter-eobkziwyonlhqbgzjjspbemizesy/Build/Products/Debug/PackageFrameworks -F /Users/steve/Library/Developer/Xcode/DerivedData/MDWriter-eobkziwyonlhqbgzjjspbemizesy/Build/Products/Debug/PackageFrameworks -F /Users/steve/Library/Developer/Xcode/DerivedData/MDWriter-eobkziwyonlhqbgzjjspbemizesy/Build/Products/Debug/PackageFrameworks -F /Users/steve/Library/Developer/Xcode/DerivedData/MDWriter-eobkziwyonlhqbgzjjspbemizesy/Build/Products/Debug/PackageFrameworks -F /Users/steve/Library/Developer/Xcode/DerivedData/MDWriter-eobkziwyonlhqbgzjjspbemizesy/Build/Products/Debug -no-color-diagnostics -Xcc -fno-color-diagnostics -enable-testing -g -debug-info-format\=dwarf -dwarf-version\=4 -module-cache-path /Users/steve/Library/Developer/Xcode/DerivedData/MDWriter-eobkziwyonlhqbgzjjspbemizesy/Build/Intermediates.noindex/SwiftExplicitPrecompiledModules -profile-generate -profile-coverage-mapping -swift-version 6 -enforce-exclusivity\=checked -Onone -D DEBUG -serialize-debugging-options -const-gather-protocols-file /Users/steve/Library/Developer/Xcode/DerivedData/MDWriter-eobkziwyonlhqbgzjjspbemizesy/Build/Intermediates.noindex/MDWriter.build/Debug/MDWriter.build/Objects-normal/arm64/MDWriter_const_extract_protocols.json -enable-upcoming-feature MemberImportVisibility -enable-upcoming-feature InferIsolatedConformances -enable-upcoming-feature NonisolatedNonsendingByDefault -enable-experimental-feature DebugDescriptionMacro -default-isolation\=MainActor -empty-abi-descriptor -validate-clang-modules-once -clang-build-session-file /Users/steve/Library/Developer/Xcode/DerivedData/ModuleCache.noindex/Session.modulevalidation -Xcc -working-directory -Xcc /Users/steve/Documents/GitHub/MDWriter -enable-anonymous-context-mangled-names -file-compilation-dir /Users/steve/Documents/GitHub/MDWriter -Xcc -D_LIBCPP_HARDENING_MODE\=_LIBCPP_HARDENING_MODE_DEBUG -Xcc -ivfsstatcache -Xcc /Users/steve/Library/Developer/Xcode/DerivedData/SDKStatCaches.noindex/macosx26.2-25C57-00fa09913b459cbbc988d1f6730289ae.sdkstatcache -Xcc -I/Users/steve/Library/Developer/Xcode/DerivedData/MDWriter-eobkziwyonlhqbgzjjspbemizesy/Build/Intermediates.noindex/MDWriter.build/Debug/MDWriter.build/swift-overrides.hmap -Xcc -iquote -Xcc /Users/steve/Library/Developer/Xcode/DerivedData/MDWriter-eobkziwyonlhqbgzjjspbemizesy/Build/Intermediates.noindex/MDWriter.build/Debug/MDWriter.build/MDWriter-generated-files.hmap -Xcc -I/Users/steve/Library/Developer/Xcode/DerivedData/MDWriter-eobkziwyonlhqbgzjjspbemizesy/Build/Intermediates.noindex/MDWriter.build/Debug/MDWriter.build/MDWriter-own-target-headers.hmap -Xcc -I/Users/steve/Library/Developer/Xcode/DerivedData/MDWriter-eobkziwyonlhqbgzjjspbemizesy/Build/Intermediates.noindex/MDWriter.build/Debug/MDWriter.build/MDWriter-all-non-framework-target-headers.hmap -Xcc -ivfsoverlay -Xcc /Users/steve/Library/Developer/Xcode/DerivedData/MDWriter-eobkziwyonlhqbgzjjspbemizesy/Build/Intermediates.noindex/MDWriter.build/Debug/MDWriter-c140e96aad52ad6b3aceb3ccb0579b50-VFS/all-product-headers.yaml -Xcc -iquote -Xcc /Users/steve/Library/Developer/Xcode/DerivedData/MDWriter-eobkziwyonlhqbgzjjspbemizesy/Build/Intermediates.noindex/MDWriter.build/Debug/MDWriter.build/MDWriter-project-headers.hmap -Xcc -I/Users/steve/Library/Developer/Xcode/DerivedData/MDWriter-eobkziwyonlhqbgzjjspbemizesy/SourcePackages/checkouts/swift-syntax/Sources/_SwiftSyntaxCShims/include -Xcc -I/Users/steve/Library/Developer/Xcode/DerivedData/MDWriter-eobkziwyonlhqbgzjjspbemizesy/SourcePackages/checkouts/Yams/Sources/CYaml/include -Xcc -I/Users/steve/Library/Developer/Xcode/DerivedData/MDWriter-eobkziwyonlhqbgzjjspbemizesy/SourcePackages/checkouts/swift-cmark/src/include -Xcc -I/Users/steve/Library/Developer/Xcode/DerivedData/MDWriter-eobkziwyonlhqbgzjjspbemizesy/SourcePackages/checkouts/swift-cmark/extensions/include -Xcc -I/Users/steve/Library/Developer/Xcode/DerivedData/MDWriter-eobkziwyonlhqbgzjjspbemizesy/SourcePackages/checkouts/swift-markdown/Sources/CAtomic/include -Xcc -I/Users/steve/Library/Developer/Xcode/DerivedData/MDWriter-eobkziwyonlhqbgzjjspbemizesy/Build/Products/Debug/include -Xcc -I/Users/steve/Library/Developer/Xcode/DerivedData/MDWriter-eobkziwyonlhqbgzjjspbemizesy/Build/Intermediates.noindex/MDWriter.build/Debug/MDWriter.build/DerivedSources-normal/arm64 -Xcc -I/Users/steve/Library/Developer/Xcode/DerivedData/MDWriter-eobkziwyonlhqbgzjjspbemizesy/Build/Intermediates.noindex/MDWriter.build/Debug/MDWriter.build/DerivedSources/arm64 -Xcc -I/Users/steve/Library/Developer/Xcode/DerivedData/MDWriter-eobkziwyonlhqbgzjjspbemizesy/Build/Intermediates.noindex/MDWriter.build/Debug/MDWriter.build/DerivedSources -Xcc -DDEBUG\=1 -no-auto-bridging-header-chaining -module-name MDWriter -frontend-parseable-output -disable-clang-spi -target-sdk-version 26.2 -target-sdk-name macosx26.2 -clang-target arm64-apple-macos26.2 -in-process-plugin-server-path /Applications/Xcode.app/Contents/Developer/Toolchains/XcodeDefault.xctoolchain/usr/lib/swift/host/libSwiftInProcPluginServer.dylib -emit-module-doc-path /Users/steve/Library/Developer/Xcode/DerivedData/MDWriter-eobkziwyonlhqbgzjjspbemizesy/Build/Intermediates.noindex/MDWriter.build/Debug/MDWriter.build/Objects-normal/arm64/MDWriter.swiftdoc -emit-module-source-info-path /Users/steve/Library/Developer/Xcode/DerivedData/MDWriter-eobkziwyonlhqbgzjjspbemizesy/Build/Intermediates.noindex/MDWriter.build/Debug/MDWriter.build/Objects-normal/arm64/MDWriter.swiftsourceinfo -emit-objc-header-path /Users/steve/Library/Developer/Xcode/DerivedData/MDWriter-eobkziwyonlhqbgzjjspbemizesy/Build/Intermediates.noindex/MDWriter.build/Debug/MDWriter.build/Objects-normal/arm64/MDWriter-Swift.h -serialize-diagnostics-path /Users/steve/Library/Developer/Xcode/DerivedData/MDWriter-eobkziwyonlhqbgzjjspbemizesy/Build/Intermediates.noindex/MDWriter.build/Debug/MDWriter.build/Objects-normal/arm64/MDWriter-primary-emit-module.dia -emit-dependencies-path /Users/steve/Library/Developer/Xcode/DerivedData/MDWriter-eobkziwyonlhqbgzjjspbemizesy/Build/Intermediates.noindex/MDWriter.build/Debug/MDWriter.build/Objects-normal/arm64/MDWriter-primary-emit-module.d -o /Users/steve/Library/Developer/Xcode/DerivedData/MDWriter-eobkziwyonlhqbgzjjspbemizesy/Build/Intermediates.noindex/MDWriter.build/Debug/MDWriter.build/Objects-normal/arm64/MDWriter.swiftmodule -emit-abi-descriptor-path /Users/steve/Library/Developer/Xcode/DerivedData/MDWriter-eobkziwyonlhqbgzjjspbemizesy/Build/Intermediates.noindex/MDWriter.build/Debug/MDWriter.build/Objects-normal/arm64/MDWriter.abi.json

EmitSwiftModule normal arm64 (in target 'MDWriter' from project 'MDWriter')
    cd /Users/steve/Documents/GitHub/MDWriter
    
/Users/steve/Documents/GitHub/MDWriter/MDWriter/Editor/MarkdownTextStorage.swift:61:33: error: main actor-isolated getter for property 'string' has different actor isolation from nonisolated overridden declaration
    override var string: String {
                                ^
Foundation.NSAttributedString._:2:1: note: overridden declaration is here
get}
^
/Users/steve/Documents/GitHub/MDWriter/MDWriter/Editor/MarkdownTextStorage.swift:61:18: error: main actor-isolated property 'string' has different actor isolation from nonisolated overridden declaration
    override var string: String {
                 ^
/Applications/Xcode.app/Contents/Developer/Platforms/MacOSX.platform/Developer/SDKs/MacOSX26.2.sdk/System/Library/Frameworks/Foundation.framework/Headers/NSAttributedString.h:32:38: note: overridden declaration is here
@property (readonly, copy) NSString *string;
                                     ^
/Users/steve/Documents/GitHub/MDWriter/MDWriter/Editor/MarkdownTextStorage.swift:65:19: error: main actor-isolated instance method 'attributes(at:effectiveRange:)' has different actor isolation from nonisolated overridden declaration
    override func attributes(at location: Int, effectiveRange range: NSRangePointer?)
                  ^
Foundation.NSAttributedString.attributes:2:11: note: overridden declaration is here
open func attributes(at location: Int, effectiveRange range: NSRangePointer?) -> [NSAttributedString.Key : Any]}
          ^
/Users/steve/Documents/GitHub/MDWriter/MDWriter/Editor/MarkdownTextStorage.swift:71:19: error: main actor-isolated instance method 'replaceCharacters(in:with:)' has different actor isolation from nonisolated overridden declaration
    override func replaceCharacters(in range: NSRange, with str: String) {
                  ^
Foundation.NSMutableAttributedString.replaceCharacters:2:11: note: overridden declaration is here
open func replaceCharacters(in range: NSRange, with str: String)}
          ^
/Users/steve/Documents/GitHub/MDWriter/MDWriter/Editor/MarkdownTextStorage.swift:80:19: error: main actor-isolated instance method 'setAttributes(_:range:)' has different actor isolation from nonisolated overridden declaration
    override func setAttributes(_ attrs: [NSAttributedString.Key: Any]?, range: NSRange) {
                  ^
Foundation.NSMutableAttributedString.setAttributes:2:11: note: overridden declaration is here
open func setAttributes(_ attrs: [NSAttributedString.Key : Any]?, range: NSRange)}
          ^
/Users/steve/Documents/GitHub/MDWriter/MDWriter/Editor/MarkdownTextStorage.swift:87:19: error: main actor-isolated instance method 'processEditing()' has different actor isolation from nonisolated overridden declaration
    override func processEditing() {
                  ^
AppKit.NSTextStorage.processEditing:2:11: note: overridden declaration is here
open func processEditing()}
          ^
/Users/steve/Documents/GitHub/MDWriter/MDWriter/Editor/MarkdownTextStorage.swift:16:42: error: main actor-isolated initializer 'init()' has different actor isolation from nonisolated overridden declaration
class MarkdownTextStorage: NSTextStorage {
                                         ^
/Applications/Xcode.app/Contents/Developer/Platforms/MacOSX.platform/Developer/SDKs/MacOSX.sdk/usr/include/objc/NSObject.h:66:1: note: overridden declaration is here
- (instancetype)init
^
/Users/steve/Documents/GitHub/MDWriter/MDWriter/Editor/MarkdownTextStorage.swift:16:42: error: main actor-isolated initializer 'init(coder:)' has different actor isolation from nonisolated overridden declaration
class MarkdownTextStorage: NSTextStorage {
                                         ^
/Applications/Xcode.app/Contents/Developer/Platforms/MacOSX.platform/Developer/SDKs/MacOSX26.2.sdk/System/Library/Frameworks/Foundation.framework/Headers/NSObject.h:30:1: note: overridden declaration is here
- (nullable instancetype)initWithCoder:(NSCoder *)coder; // NS_DESIGNATED_INITIALIZER
^
/Users/steve/Documents/GitHub/MDWriter/MDWriter/Editor/MarkdownTextStorage.swift:16:42: error: main actor-isolated initializer 'init(__format:options:locale:arguments:)' has different actor isolation from nonisolated overridden declaration
class MarkdownTextStorage: NSTextStorage {
                                         ^
/Applications/Xcode.app/Contents/Developer/Platforms/MacOSX.platform/Developer/SDKs/MacOSX26.2.sdk/System/Library/Frameworks/Foundation.framework/Headers/NSAttributedString.h:239:1: note: overridden declaration is here
- (instancetype)initWithFormat:(NSAttributedString *)format
^
/Users/steve/Documents/GitHub/MDWriter/MDWriter/Editor/MarkdownTextStorage.swift:16:42: error: main actor-isolated initializer 'init(__format:options:locale:context:arguments:)' has different actor isolation from nonisolated overridden declaration
class MarkdownTextStorage: NSTextStorage {
                                         ^
/Applications/Xcode.app/Contents/Developer/Platforms/MacOSX.platform/Developer/SDKs/MacOSX26.2.sdk/System/Library/Frameworks/Foundation.framework/Headers/NSAttributedString.h:266:1: note: overridden declaration is here
- (instancetype)initWithFormat:(NSAttributedString *)format
^
/Users/steve/Documents/GitHub/MDWriter/MDWriter/Editor/MarkdownTextStorage.swift:16:42: error: main actor-isolated initializer 'init(__contentsOfMarkdownFileAt:options:baseURL:)' has different actor isolation from nonisolated overridden declaration
class MarkdownTextStorage: NSTextStorage {
                                         ^
/Applications/Xcode.app/Contents/Developer/Platforms/MacOSX.platform/Developer/SDKs/MacOSX26.2.sdk/System/Library/Frameworks/Foundation.framework/Headers/NSAttributedString.h:196:1: note: overridden declaration is here
- (nullable instancetype)initWithContentsOfMarkdownFileAtURL:(NSURL *)markdownFile
^
/Users/steve/Documents/GitHub/MDWriter/MDWriter/Editor/MarkdownTextStorage.swift:16:42: error: main actor-isolated initializer 'init(__markdown:options:baseURL:)' has different actor isolation from nonisolated overridden declaration
class MarkdownTextStorage: NSTextStorage {
                                         ^
/Applications/Xcode.app/Contents/Developer/Platforms/MacOSX.platform/Developer/SDKs/MacOSX26.2.sdk/System/Library/Frameworks/Foundation.framework/Headers/NSAttributedString.h:203:1: note: overridden declaration is here
- (nullable instancetype)initWithMarkdown:(NSData *)markdown
^
/Users/steve/Documents/GitHub/MDWriter/MDWriter/Editor/MarkdownTextStorage.swift:16:42: error: main actor-isolated initializer 'init(__markdownString:options:baseURL:)' has different actor isolation from nonisolated overridden declaration
class MarkdownTextStorage: NSTextStorage {
                                         ^
/Applications/Xcode.app/Contents/Developer/Platforms/MacOSX.platform/Developer/SDKs/MacOSX26.2.sdk/System/Library/Frameworks/Foundation.framework/Headers/NSAttributedString.h:210:1: note: overridden declaration is here
- (nullable instancetype)initWithMarkdownString:(NSString *)markdownString
^
/Users/steve/Documents/GitHub/MDWriter/MDWriter/Editor/MarkdownTextStorage.swift:16:42: error: main actor-isolated initializer 'init(string:)' has different actor isolation from nonisolated overridden declaration
class MarkdownTextStorage: NSTextStorage {
                                         ^
/Applications/Xcode.app/Contents/Developer/Platforms/MacOSX.platform/Developer/SDKs/MacOSX26.2.sdk/System/Library/Frameworks/Foundation.framework/Headers/NSAttributedString.h:48:1: note: overridden declaration is here
- (instancetype)initWithString:(NSString *)str;
^
/Users/steve/Documents/GitHub/MDWriter/MDWriter/Editor/MarkdownTextStorage.swift:16:42: error: main actor-isolated initializer 'init(string:attributes:)' has different actor isolation from nonisolated overridden declaration
class MarkdownTextStorage: NSTextStorage {
                                         ^
/Applications/Xcode.app/Contents/Developer/Platforms/MacOSX.platform/Developer/SDKs/MacOSX26.2.sdk/System/Library/Frameworks/Foundation.framework/Headers/NSAttributedString.h:49:1: note: overridden declaration is here
- (instancetype)initWithString:(NSString *)str attributes:(nullable NSDictionary<NSAttributedStringKey, id> *)attrs;
^
/Users/steve/Documents/GitHub/MDWriter/MDWriter/Editor/MarkdownTextStorage.swift:16:42: error: main actor-isolated initializer 'init(attributedString:)' has different actor isolation from nonisolated overridden declaration
class MarkdownTextStorage: NSTextStorage {
                                         ^
/Applications/Xcode.app/Contents/Developer/Platforms/MacOSX.platform/Developer/SDKs/MacOSX26.2.sdk/System/Library/Frameworks/Foundation.framework/Headers/NSAttributedString.h:50:1: note: overridden declaration is here
- (instancetype)initWithAttributedString:(NSAttributedString *)attrStr;
^
/Users/steve/Documents/GitHub/MDWriter/MDWriter/Editor/MarkdownTextStorage.swift:16:42: error: main actor-isolated initializer 'init(url:documentAttributes:)' has different actor isolation from nonisolated overridden declaration
class MarkdownTextStorage: NSTextStorage {
                                         ^
/Applications/Xcode.app/Contents/Developer/Platforms/MacOSX.platform/Developer/SDKs/MacOSX26.2.sdk/System/Library/Frameworks/AppKit.framework/Headers/NSAttributedString.h:396:1: note: overridden declaration is here
- (nullable instancetype)initWithURL:(NSURL *)url documentAttributes:(NSDictionary* _Nullable * _Nullable)dict API_DEPRECATED("Use -initWithURL:options:documentAttributes:error: instead", macos(10.0,10.11));
^
/Users/steve/Documents/GitHub/MDWriter/MDWriter/Editor/MarkdownTextStorage.swift:16:42: error: main actor-isolated initializer 'init(path:documentAttributes:)' has different actor isolation from nonisolated overridden declaration
class MarkdownTextStorage: NSTextStorage {
                                         ^
/Applications/Xcode.app/Contents/Developer/Platforms/MacOSX.platform/Developer/SDKs/MacOSX26.2.sdk/System/Library/Frameworks/AppKit.framework/Headers/NSAttributedString.h:397:1: note: overridden declaration is here
- (nullable instancetype)initWithPath:(NSString *)path documentAttributes:(NSDictionary* _Nullable * _Nullable)dict API_DEPRECATED("Use -initWithURL:options:documentAttributes:error: instead", macos(10.0,10.11));
^
/Users/steve/Documents/GitHub/MDWriter/MDWriter/Editor/MarkdownTextStorage.swift:16:42: error: main actor-isolated initializer 'init(pasteboardPropertyList:ofType:)' has different actor isolation from nonisolated overridden declaration
class MarkdownTextStorage: NSTextStorage {
                                         ^
/Applications/Xcode.app/Contents/Developer/Platforms/MacOSX.platform/Developer/SDKs/MacOSX26.2.sdk/System/Library/Frameworks/AppKit.framework/Headers/NSPasteboard.h:440:1: note: overridden declaration is here
- (nullable id)initWithPasteboardPropertyList:(id)propertyList ofType:(NSPasteboardType)type;
^
/Users/steve/Documents/GitHub/MDWriter/MDWriter/Editor/MarkdownTextStorage.swift:16:42: error: main actor-isolated initializer 'init(rtf:documentAttributes:)' has different actor isolation from nonisolated overridden declaration
class MarkdownTextStorage: NSTextStorage {
                                         ^
/Applications/Xcode.app/Contents/Developer/Platforms/MacOSX.platform/Developer/SDKs/MacOSX26.2.sdk/System/Library/Frameworks/AppKit.framework/Headers/NSAttributedString.h:310:1: note: overridden declaration is here
- (nullable instancetype)initWithRTF:(NSData *)data documentAttributes:(NSDictionary<NSAttributedStringDocumentAttributeKey, id> * _Nullable * _Nullable)dict;
^
/Users/steve/Documents/GitHub/MDWriter/MDWriter/Editor/MarkdownTextStorage.swift:16:42: error: main actor-isolated initializer 'init(rtfd:documentAttributes:)' has different actor isolation from nonisolated overridden declaration
class MarkdownTextStorage: NSTextStorage {
                                         ^
/Applications/Xcode.app/Contents/Developer/Platforms/MacOSX.platform/Developer/SDKs/MacOSX26.2.sdk/System/Library/Frameworks/AppKit.framework/Headers/NSAttributedString.h:311:1: note: overridden declaration is here
- (nullable instancetype)initWithRTFD:(NSData *)data documentAttributes:(NSDictionary<NSAttributedStringDocumentAttributeKey, id> * _Nullable * _Nullable)dict;
^
/Users/steve/Documents/GitHub/MDWriter/MDWriter/Editor/MarkdownTextStorage.swift:16:42: error: main actor-isolated initializer 'init(html:documentAttributes:)' has different actor isolation from nonisolated overridden declaration
class MarkdownTextStorage: NSTextStorage {
                                         ^
/Applications/Xcode.app/Contents/Developer/Platforms/MacOSX.platform/Developer/SDKs/MacOSX26.2.sdk/System/Library/Frameworks/AppKit.framework/Headers/NSAttributedString.h:312:1: note: overridden declaration is here
- (nullable instancetype)initWithHTML:(NSData *)data documentAttributes:(NSDictionary<NSAttributedStringDocumentAttributeKey, id> * _Nullable * _Nullable)dict;
^
/Users/steve/Documents/GitHub/MDWriter/MDWriter/Editor/MarkdownTextStorage.swift:16:42: error: main actor-isolated initializer 'init(html:baseURL:documentAttributes:)' has different actor isolation from nonisolated overridden declaration
class MarkdownTextStorage: NSTextStorage {
                                         ^
/Applications/Xcode.app/Contents/Developer/Platforms/MacOSX.platform/Developer/SDKs/MacOSX26.2.sdk/System/Library/Frameworks/AppKit.framework/Headers/NSAttributedString.h:313:1: note: overridden declaration is here
- (nullable instancetype)initWithHTML:(NSData *)data baseURL:(NSURL *)base documentAttributes:(NSDictionary<NSAttributedStringDocumentAttributeKey, id> * _Nullable * _Nullable)dict;
^
/Users/steve/Documents/GitHub/MDWriter/MDWriter/Editor/MarkdownTextStorage.swift:16:42: error: main actor-isolated initializer 'init(docFormat:documentAttributes:)' has different actor isolation from nonisolated overridden declaration
class MarkdownTextStorage: NSTextStorage {
                                         ^
/Applications/Xcode.app/Contents/Developer/Platforms/MacOSX.platform/Developer/SDKs/MacOSX26.2.sdk/System/Library/Frameworks/AppKit.framework/Headers/NSAttributedString.h:314:1: note: overridden declaration is here
- (nullable instancetype)initWithDocFormat:(NSData *)data documentAttributes:(NSDictionary<NSAttributedStringDocumentAttributeKey, id> * _Nullable * _Nullable)dict;
^
/Users/steve/Documents/GitHub/MDWriter/MDWriter/Editor/MarkdownTextStorage.swift:16:42: error: main actor-isolated initializer 'init(html:options:documentAttributes:)' has different actor isolation from nonisolated overridden declaration
class MarkdownTextStorage: NSTextStorage {
                                         ^
/Applications/Xcode.app/Contents/Developer/Platforms/MacOSX.platform/Developer/SDKs/MacOSX26.2.sdk/System/Library/Frameworks/AppKit.framework/Headers/NSAttributedString.h:315:1: note: overridden declaration is here
- (nullable instancetype)initWithHTML:(NSData *)data options:(NSDictionary<NSAttributedStringDocumentReadingOptionKey, id> *)options documentAttributes:(NSDictionary<NSAttributedStringDocumentAttributeKey, id> * _Nullable * _Nullable)dict;
^
/Users/steve/Documents/GitHub/MDWriter/MDWriter/Editor/MarkdownTextStorage.swift:16:42: error: main actor-isolated initializer 'init(rtfdFileWrapper:documentAttributes:)' has different actor isolation from nonisolated overridden declaration
class MarkdownTextStorage: NSTextStorage {
                                         ^
/Applications/Xcode.app/Contents/Developer/Platforms/MacOSX.platform/Developer/SDKs/MacOSX26.2.sdk/System/Library/Frameworks/AppKit.framework/Headers/NSAttributedString.h:316:1: note: overridden declaration is here
- (nullable instancetype)initWithRTFDFileWrapper:(NSFileWrapper *)wrapper documentAttributes:(NSDictionary<NSAttributedStringDocumentAttributeKey, id> * _Nullable * _Nullable)dict;
^
/Users/steve/Documents/GitHub/MDWriter/MDWriter/Editor/MarkdownTextStorage.swift:16:42: error: main actor-isolated initializer 'init(url:options:documentAttributes:)' has different actor isolation from nonisolated overridden declaration
class MarkdownTextStorage: NSTextStorage {
                                         ^
/Applications/Xcode.app/Contents/Developer/Platforms/MacOSX.platform/Developer/SDKs/MacOSX26.2.sdk/System/Library/Frameworks/AppKit.framework/Headers/NSAttributedString.h:189:1: note: overridden declaration is here
- (nullable instancetype)initWithURL:(NSURL *)url options:(NSDictionary<NSAttributedStringDocumentReadingOptionKey, id> *)options documentAttributes:(NSDictionary<NSAttributedStringDocumentAttributeKey, id> * __nullable * __nullable)dict error:(NSError **)error API_AVAILABLE(macos(10.4), ios(9.0), tvos(9.0), watchos(2.0), visionos(1.0));
^
/Users/steve/Documents/GitHub/MDWriter/MDWriter/Editor/MarkdownTextStorage.swift:16:42: error: main actor-isolated initializer 'init(data:options:documentAttributes:)' has different actor isolation from nonisolated overridden declaration
class MarkdownTextStorage: NSTextStorage {
                                         ^
/Applications/Xcode.app/Contents/Developer/Platforms/MacOSX.platform/Developer/SDKs/MacOSX26.2.sdk/System/Library/Frameworks/AppKit.framework/Headers/NSAttributedString.h:190:1: note: overridden declaration is here
- (nullable instancetype)initWithData:(NSData *)data options:(NSDictionary<NSAttributedStringDocumentReadingOptionKey, id> *)options documentAttributes:(NSDictionary<NSAttributedStringDocumentAttributeKey, id> * __nullable * __nullable)dict error:(NSError **)error API_AVAILABLE(macos(10.0), ios(7.0), tvos(9.0), watchos(2.0), visionos(1.0));
^

SwiftCompile normal arm64 Compiling\ MenuCommands.swift,\ Models.swift,\ NoteListView.swift /Users/steve/Documents/GitHub/MDWriter/MDWriter/MenuCommands.swift /Users/steve/Documents/GitHub/MDWriter/MDWriter/Models.swift /Users/steve/Documents/GitHub/MDWriter/MDWriter/NoteListView.swift (in target 'MDWriter' from project 'MDWriter')

SwiftCompile normal arm64 /Users/steve/Documents/GitHub/MDWriter/MDWriter/MenuCommands.swift (in target 'MDWriter' from project 'MDWriter')
    cd /Users/steve/Documents/GitHub/MDWriter
    

SwiftCompile normal arm64 /Users/steve/Documents/GitHub/MDWriter/MDWriter/Models.swift (in target 'MDWriter' from project 'MDWriter')
    cd /Users/steve/Documents/GitHub/MDWriter
    

SwiftCompile normal arm64 /Users/steve/Documents/GitHub/MDWriter/MDWriter/NoteListView.swift (in target 'MDWriter' from project 'MDWriter')
    cd /Users/steve/Documents/GitHub/MDWriter
    

SwiftCompile normal arm64 Compiling\ ContentView.swift,\ DashboardView.swift,\ ExportPreviewView.swift /Users/steve/Documents/GitHub/MDWriter/MDWriter/ContentView.swift /Users/steve/Documents/GitHub/MDWriter/MDWriter/DashboardView.swift /Users/steve/Documents/GitHub/MDWriter/MDWriter/ExportPreviewView.swift (in target 'MDWriter' from project 'MDWriter')

SwiftCompile normal arm64 /Users/steve/Documents/GitHub/MDWriter/MDWriter/ContentView.swift (in target 'MDWriter' from project 'MDWriter')
    cd /Users/steve/Documents/GitHub/MDWriter
    

SwiftCompile normal arm64 /Users/steve/Documents/GitHub/MDWriter/MDWriter/DashboardView.swift (in target 'MDWriter' from project 'MDWriter')
    cd /Users/steve/Documents/GitHub/MDWriter
    

SwiftCompile normal arm64 /Users/steve/Documents/GitHub/MDWriter/MDWriter/ExportPreviewView.swift (in target 'MDWriter' from project 'MDWriter')
    cd /Users/steve/Documents/GitHub/MDWriter
    

SwiftCompile normal arm64 Compiling\ EditorController.swift,\ MarkdownTextStorage.swift,\ MarkupBarView.swift,\ UlyssesBottomToolbar.swift /Users/steve/Documents/GitHub/MDWriter/MDWriter/Editor/EditorController.swift /Users/steve/Documents/GitHub/MDWriter/MDWriter/Editor/MarkdownTextStorage.swift /Users/steve/Documents/GitHub/MDWriter/MDWriter/Editor/MarkupBarView.swift /Users/steve/Documents/GitHub/MDWriter/MDWriter/Editor/UlyssesBottomToolbar.swift (in target 'MDWriter' from project 'MDWriter')

SwiftCompile normal arm64 /Users/steve/Documents/GitHub/MDWriter/MDWriter/Editor/EditorController.swift (in target 'MDWriter' from project 'MDWriter')
    cd /Users/steve/Documents/GitHub/MDWriter
    

SwiftCompile normal arm64 /Users/steve/Documents/GitHub/MDWriter/MDWriter/Editor/MarkdownTextStorage.swift (in target 'MDWriter' from project 'MDWriter')
    cd /Users/steve/Documents/GitHub/MDWriter
    

SwiftCompile normal arm64 /Users/steve/Documents/GitHub/MDWriter/MDWriter/Editor/MarkupBarView.swift (in target 'MDWriter' from project 'MDWriter')
    cd /Users/steve/Documents/GitHub/MDWriter
    

SwiftCompile normal arm64 /Users/steve/Documents/GitHub/MDWriter/MDWriter/Editor/UlyssesBottomToolbar.swift (in target 'MDWriter' from project 'MDWriter')
    cd /Users/steve/Documents/GitHub/MDWriter
    

SwiftDriverJobDiscovery normal arm64 Compiling ExportService.swift, ImageManager.swift, KeyboardShortcutsView.swift (in target 'MDWriter' from project 'MDWriter')

SwiftCompile normal arm64 Compiling\ EditorSettings.swift /Users/steve/Documents/GitHub/MDWriter/MDWriter/Settings/EditorSettings.swift (in target 'MDWriter' from project 'MDWriter')

** BUILD FAILED **


The following build commands failed:
	SwiftEmitModule normal arm64 Emitting\ module\ for\ MDWriter (in target 'MDWriter' from project 'MDWriter')
	EmitSwiftModule normal arm64 (in target 'MDWriter' from project 'MDWriter')
	Building project MDWriter with scheme MDWriter and configuration Debug
(3 failures)
